Archive member included to satisfy reference by file (symbol)

C:/ST/STM32CubeIDE_1.16.1/STM32CubeIDE/plugins/com.st.stm32cube.ide.mcu.externaltools.gnu-tools-for-stm32.12.3.rel1.win32_1.0.200.202406191623/tools/bin/../lib/gcc/arm-none-eabi/12.3.1/../../../../arm-none-eabi/lib/thumb/v7e-m+fp/hard\libc_nano.a(libc_a-exit.o)
                              C:/ST/STM32CubeIDE_1.16.1/STM32CubeIDE/plugins/com.st.stm32cube.ide.mcu.externaltools.gnu-tools-for-stm32.12.3.rel1.win32_1.0.200.202406191623/tools/bin/../lib/gcc/arm-none-eabi/12.3.1/../../../../arm-none-eabi/lib/thumb/v7e-m+fp/hard/crt0.o (exit)
C:/ST/STM32CubeIDE_1.16.1/STM32CubeIDE/plugins/com.st.stm32cube.ide.mcu.externaltools.gnu-tools-for-stm32.12.3.rel1.win32_1.0.200.202406191623/tools/bin/../lib/gcc/arm-none-eabi/12.3.1/../../../../arm-none-eabi/lib/thumb/v7e-m+fp/hard\libc_nano.a(libc_a-findfp.o)
                              C:/ST/STM32CubeIDE_1.16.1/STM32CubeIDE/plugins/com.st.stm32cube.ide.mcu.externaltools.gnu-tools-for-stm32.12.3.rel1.win32_1.0.200.202406191623/tools/bin/../lib/gcc/arm-none-eabi/12.3.1/../../../../arm-none-eabi/lib/thumb/v7e-m+fp/hard\libc_nano.a(libc_a-exit.o) (__stdio_exit_handler)
C:/ST/STM32CubeIDE_1.16.1/STM32CubeIDE/plugins/com.st.stm32cube.ide.mcu.externaltools.gnu-tools-for-stm32.12.3.rel1.win32_1.0.200.202406191623/tools/bin/../lib/gcc/arm-none-eabi/12.3.1/../../../../arm-none-eabi/lib/thumb/v7e-m+fp/hard\libc_nano.a(libc_a-fwalk.o)
                              C:/ST/STM32CubeIDE_1.16.1/STM32CubeIDE/plugins/com.st.stm32cube.ide.mcu.externaltools.gnu-tools-for-stm32.12.3.rel1.win32_1.0.200.202406191623/tools/bin/../lib/gcc/arm-none-eabi/12.3.1/../../../../arm-none-eabi/lib/thumb/v7e-m+fp/hard\libc_nano.a(libc_a-findfp.o) (_fwalk_sglue)
C:/ST/STM32CubeIDE_1.16.1/STM32CubeIDE/plugins/com.st.stm32cube.ide.mcu.externaltools.gnu-tools-for-stm32.12.3.rel1.win32_1.0.200.202406191623/tools/bin/../lib/gcc/arm-none-eabi/12.3.1/../../../../arm-none-eabi/lib/thumb/v7e-m+fp/hard\libc_nano.a(libc_a-stdio.o)
                              C:/ST/STM32CubeIDE_1.16.1/STM32CubeIDE/plugins/com.st.stm32cube.ide.mcu.externaltools.gnu-tools-for-stm32.12.3.rel1.win32_1.0.200.202406191623/tools/bin/../lib/gcc/arm-none-eabi/12.3.1/../../../../arm-none-eabi/lib/thumb/v7e-m+fp/hard\libc_nano.a(libc_a-findfp.o) (__sread)
C:/ST/STM32CubeIDE_1.16.1/STM32CubeIDE/plugins/com.st.stm32cube.ide.mcu.externaltools.gnu-tools-for-stm32.12.3.rel1.win32_1.0.200.202406191623/tools/bin/../lib/gcc/arm-none-eabi/12.3.1/../../../../arm-none-eabi/lib/thumb/v7e-m+fp/hard\libc_nano.a(libc_a-memset.o)
                              C:/ST/STM32CubeIDE_1.16.1/STM32CubeIDE/plugins/com.st.stm32cube.ide.mcu.externaltools.gnu-tools-for-stm32.12.3.rel1.win32_1.0.200.202406191623/tools/bin/../lib/gcc/arm-none-eabi/12.3.1/../../../../arm-none-eabi/lib/thumb/v7e-m+fp/hard/crt0.o (memset)
C:/ST/STM32CubeIDE_1.16.1/STM32CubeIDE/plugins/com.st.stm32cube.ide.mcu.externaltools.gnu-tools-for-stm32.12.3.rel1.win32_1.0.200.202406191623/tools/bin/../lib/gcc/arm-none-eabi/12.3.1/../../../../arm-none-eabi/lib/thumb/v7e-m+fp/hard\libc_nano.a(libc_a-closer.o)
                              C:/ST/STM32CubeIDE_1.16.1/STM32CubeIDE/plugins/com.st.stm32cube.ide.mcu.externaltools.gnu-tools-for-stm32.12.3.rel1.win32_1.0.200.202406191623/tools/bin/../lib/gcc/arm-none-eabi/12.3.1/../../../../arm-none-eabi/lib/thumb/v7e-m+fp/hard\libc_nano.a(libc_a-stdio.o) (_close_r)
C:/ST/STM32CubeIDE_1.16.1/STM32CubeIDE/plugins/com.st.stm32cube.ide.mcu.externaltools.gnu-tools-for-stm32.12.3.rel1.win32_1.0.200.202406191623/tools/bin/../lib/gcc/arm-none-eabi/12.3.1/../../../../arm-none-eabi/lib/thumb/v7e-m+fp/hard\libc_nano.a(libc_a-reent.o)
                              C:/ST/STM32CubeIDE_1.16.1/STM32CubeIDE/plugins/com.st.stm32cube.ide.mcu.externaltools.gnu-tools-for-stm32.12.3.rel1.win32_1.0.200.202406191623/tools/bin/../lib/gcc/arm-none-eabi/12.3.1/../../../../arm-none-eabi/lib/thumb/v7e-m+fp/hard\libc_nano.a(libc_a-closer.o) (errno)
C:/ST/STM32CubeIDE_1.16.1/STM32CubeIDE/plugins/com.st.stm32cube.ide.mcu.externaltools.gnu-tools-for-stm32.12.3.rel1.win32_1.0.200.202406191623/tools/bin/../lib/gcc/arm-none-eabi/12.3.1/../../../../arm-none-eabi/lib/thumb/v7e-m+fp/hard\libc_nano.a(libc_a-impure.o)
                              C:/ST/STM32CubeIDE_1.16.1/STM32CubeIDE/plugins/com.st.stm32cube.ide.mcu.externaltools.gnu-tools-for-stm32.12.3.rel1.win32_1.0.200.202406191623/tools/bin/../lib/gcc/arm-none-eabi/12.3.1/../../../../arm-none-eabi/lib/thumb/v7e-m+fp/hard\libc_nano.a(libc_a-reent.o) (_impure_ptr)
C:/ST/STM32CubeIDE_1.16.1/STM32CubeIDE/plugins/com.st.stm32cube.ide.mcu.externaltools.gnu-tools-for-stm32.12.3.rel1.win32_1.0.200.202406191623/tools/bin/../lib/gcc/arm-none-eabi/12.3.1/../../../../arm-none-eabi/lib/thumb/v7e-m+fp/hard\libc_nano.a(libc_a-lseekr.o)
[...]
Memory Configuration

Name             Origin             Length             Attributes
CCMRAM           0x10000000         0x00010000         xrw
RAM              0x20000000         0x00020000         xrw
FLASH            0x08000000         0x00010000         xr
BOOT_DATA        0x08010000         0x00004000         xr
APP              0x08014000         0x000ec000         xr
*default*        0x00000000         0xffffffff

Linker script and memory map

LOAD C:/ST/STM32CubeIDE_1.16.1/STM32CubeIDE/plugins/com.st.stm32cube.ide.mcu.externaltools.gnu-tools-for-stm32.12.3.rel1.win32_1.0.200.202406191623/tools/bin/../lib/gcc/arm-none-eabi/12.3.1/thumb/v7e-m+fp/hard/crti.o
LOAD C:/ST/STM32CubeIDE_1.16.1/STM32CubeIDE/plugins/com.st.stm32cube.ide.mcu.externaltools.gnu-tools-for-stm32.12.3.rel1.win32_1.0.200.202406191623/tools/bin/../lib/gcc/arm-none-eabi/12.3.1/thumb/v7e-m+fp/hard/crtbegin.o
LOAD C:/ST/STM32CubeIDE_1.16.1/STM32CubeIDE/plugins/com.st.stm32cube.ide.mcu.externaltools.gnu-tools-for-stm32.12.3.rel1.win32_1.0.200.202406191623/tools/bin/../lib/gcc/arm-none-eabi/12.3.1/../../../../arm-none-eabi/lib/thumb/v7e-m+fp/hard/crt0.o
LOAD ./Core/Src/main.o
LOAD ./Core/Src/stm32f4xx_hal_msp.o
LOAD ./Core/Src/stm32f4xx_it.o
LOAD ./Core/Src/syscalls.o
LOAD ./Core/Src/sysmem.o
LOAD ./Core/Src/system_stm32f4xx.o
LOAD ./Core/Startup/startup_stm32f405rgtx.o
LOAD ./Drivers/STM32F4xx_HAL_Driver/stm32f4xx_hal.o
LOAD ./Drivers/STM32F4xx_HAL_Driver/stm32f4xx_hal_cortex.o
LOAD ./Drivers/STM32F4xx_HAL_Driver/stm32f4xx_hal_dma.o
LOAD ./Drivers/STM32F4xx_HAL_Driver/stm32f4xx_hal_dma_ex.o
LOAD ./Drivers/STM32F4xx_HAL_Driver/stm32f4xx_hal_exti.o
LOAD ./Drivers/STM32F4xx_HAL_Driver/stm32f4xx_hal_flash.o
LOAD ./Drivers/STM32F4xx_HAL_Driver/stm32f4xx_hal_flash_ex.o
LOAD ./Drivers/STM32F4xx_HAL_Driver/stm32f4xx_hal_flash_ramfunc.o
LOAD ./Drivers/STM32F4xx_HAL_Driver/stm32f4xx_hal_gpio.o
LOAD ./Drivers/STM32F4xx_HAL_Driver/stm32f4xx_hal_pcd.o
LOAD ./Drivers/STM32F4xx_HAL_Driver/stm32f4xx_hal_pcd_ex.o
LOAD ./Drivers/STM32F4xx_HAL_Driver/stm32f4xx_hal_pwr.o
LOAD ./Drivers/STM32F4xx_HAL_Driver/stm32f4xx_hal_pwr_ex.o
LOAD ./Drivers/STM32F4xx_HAL_Driver/stm32f4xx_hal_rcc.o
LOAD ./Drivers/STM32F4xx_HAL_Driver/stm32f4xx_hal_rcc_ex.o
LOAD ./Drivers/STM32F4xx_HAL_Driver/stm32f4xx_hal_tim.o
LOAD ./Drivers/STM32F4xx_HAL_Driver/stm32f4xx_hal_tim_ex.o
LOAD ./Drivers/STM32F4xx_HAL_Driver/stm32f4xx_ll_usb.o
LOAD ./Middlewares/USB_Device_Library/usbd_core.o
LOAD ./Middlewares/USB_Device_Library/usbd_ctlreq.o
LOAD ./Middlewares/USB_Device_Library/usbd_dfu.o
LOAD ./Middlewares/USB_Device_Library/usbd_ioreq.o
LOAD ./USB_DEVICE/App/usb_device.o
LOAD ./USB_DEVICE/App/usbd_desc.o
LOAD ./USB_DEVICE/App/usbd_dfu_if.o
LOAD ./USB_DEVICE/Target/usbd_conf.o
START GROUP
LOAD C:/ST/STM32CubeIDE_1.16.1/STM32CubeIDE/plugins/com.st.stm32cube.ide.mcu.externaltools.gnu-tools-for-stm32.12.3.rel1.win32_1.0.200.202406191623/tools/bin/../lib/gcc/arm-none-eabi/12.3.1/../../../../arm-none-eabi/lib/thumb/v7e-m+fp/hard\libc_nano.a
LOAD C:/ST/STM32CubeIDE_1.16.1/STM32CubeIDE/plugins/com.st.stm32cube.ide.mcu.externaltools.gnu-tools-for-stm32.12.3.rel1.win32_1.0.200.202406191623/tools/bin/../lib/gcc/arm-none-eabi/12.3.1/../../../../arm-none-eabi/lib/thumb/v7e-m+fp/hard\libm.a
END GROUP
START GROUP
LOAD C:/ST/STM32CubeIDE_1.16.1/STM32CubeIDE/plugins/com.st.stm32cube.ide.mcu.externaltools.gnu-tools-for-stm32.12.3.rel1.win32_1.0.200.202406191623/tools/bin/../lib/gcc/arm-none-eabi/12.3.1/thumb/v7e-m+fp/hard\libgcc.a
LOAD C:/ST/STM32CubeIDE_1.16.1/STM32CubeIDE/plugins/com.st.stm32cube.ide.mcu.externaltools.gnu-tools-for-stm32.12.3.rel1.win32_1.0.200.202406191623/tools/bin/../lib/gcc/arm-none-eabi/12.3.1/../../../../arm-none-eabi/lib/thumb/v7e-m+fp/hard\libc_nano.a
END GROUP
START GROUP
LOAD C:/ST/STM32CubeIDE_1.16.1/STM32CubeIDE/plugins/com.st.stm32cube.ide.mcu.externaltools.gnu-tools-for-stm32.12.3.rel1.win32_1.0.200.202406191623/tools/bin/../lib/gcc/arm-none-eabi/12.3.1/thumb/v7e-m+fp/hard\libgcc.a
LOAD C:/ST/STM32CubeIDE_1.16.1/STM32CubeIDE/plugins/com.st.stm32cube.ide.mcu.externaltools.gnu-tools-for-stm32.12.3.rel1.win32_1.0.200.202406191623/tools/bin/../lib/gcc/arm-none-eabi/12.3.1/../../../../arm-none-eabi/lib/thumb/v7e-m+fp/hard\libc_nano.a
LOAD C:/ST/STM32CubeIDE_1.16.1/STM32CubeIDE/plugins/com.st.stm32cube.ide.mcu.externaltools.gnu-tools-for-stm32.12.3.rel1.win32_1.0.200.202406191623/tools/bin/../lib/gcc/arm-none-eabi/12.3.1/../../../../arm-none-eabi/lib/thumb/v7e-m+fp/hard\libnosys.a
END GROUP
START GROUP
LOAD C:/ST/STM32CubeIDE_1.16.1/STM32CubeIDE/plugins/com.st.stm32cube.ide.mcu.externaltools.gnu-tools-for-stm32.12.3.rel1.win32_1.0.200.202406191623/tools/bin/../lib/gcc/arm-none-eabi/12.3.1/thumb/v7e-m+fp/hard\libgcc.a
LOAD C:/ST/STM32CubeIDE_1.16.1/STM32CubeIDE/plugins/com.st.stm32cube.ide.mcu.externaltools.gnu-tools-for-stm32.12.3.rel1.win32_1.0.200.202406191623/tools/bin/../lib/gcc/arm-none-eabi/12.3.1/../../../../arm-none-eabi/lib/thumb/v7e-m+fp/hard\libc_nano.a
LOAD C:/ST/STM32CubeIDE_1.16.1/STM32CubeIDE/plugins/com.st.stm32cube.ide.mcu.externaltools.gnu-tools-for-stm32.12.3.rel1.win32_1.0.200.202406191623/tools/bin/../lib/gcc/arm-none-eabi/12.3.1/../../../../arm-none-eabi/lib/thumb/v7e-m+fp/hard\libnosys.a
END GROUP
LOAD C:/ST/STM32CubeIDE_1.16.1/STM32CubeIDE/plugins/com.st.stm32cube.ide.mcu.externaltools.gnu-tools-for-stm32.12.3.rel1.win32_1.0.200.202406191623/tools/bin/../lib/gcc/arm-none-eabi/12.3.1/thumb/v7e-m+fp/hard/crtend.o
LOAD C:/ST/STM32CubeIDE_1.16.1/STM32CubeIDE/plugins/com.st.stm32cube.ide.mcu.externaltools.gnu-tools-for-stm32.12.3.rel1.win32_1.0.200.202406191623/tools/bin/../lib/gcc/arm-none-eabi/12.3.1/thumb/v7e-m+fp/hard/crtn.o
                0x20020000                        _estack = (ORIGIN (RAM) + LENGTH (RAM))
                0x00000200                        _Min_Heap_Size = 0x200
                0x00000400                        _Min_Stack_Size = 0x400
                0x08014000                        _sapp = ORIGIN (APP)
                0x08100000                        _eapp = (ORIGIN (APP) + LENGTH (APP))
                0x08010000                        _smem = ORIGIN (BOOT_DATA)

.isr_vector     0x08000000      0x188
                0x08000000                        . = ALIGN (0x4)
 *(.isr_vector)
 .isr_vector    0x08000000      0x188 ./Core/Startup/startup_stm32f405rgtx.o
                0x08000000                g_pfnVectors
                0x08000188                        . = ALIGN (0x4)

.text           0x08000188     0x7464
                0x08000188                        . = ALIGN (0x4)
 *(.text)
 .text          0x08000188       0x40 C:/ST/STM32CubeIDE_1.16.1/STM32CubeIDE/plugins/com.st.stm32cube.ide.mcu.externaltools.gnu-tools-for-stm32.12.3.rel1.win32_1.0.200.202406191623/tools/bin/../lib/gcc/arm-none-eabi/12.3.1/thumb/v7e-m+fp/hard/crtbegin.o
 .text          0x080001c8       0x30 C:/ST/STM32CubeIDE_1.16.1/STM32CubeIDE/plugins/com.st.stm32cube.ide.mcu.externaltools.gnu-tools-for-stm32.12.3.rel1.win32_1.0.200.202406191623/tools/bin/../lib/gcc/arm-none-eabi/12.3.1/thumb/v7e-m+fp/hard\libgcc.a(_aeabi_uldivmod.o)
                0x080001c8                __aeabi_uldivmod
 .text          0x080001f8      0x2bc C:/ST/STM32CubeIDE_1.16.1/STM32CubeIDE/plugins/com.st.stm32cube.ide.mcu.externaltools.gnu-tools-for-stm32.12.3.rel1.win32_1.0.200.202406191623/tools/bin/../lib/gcc/arm-none-eabi/12.3.1/thumb/v7e-m+fp/hard\libgcc.a(_udivmoddi4.o)
                0x080001f8                __udivmoddi4
 .text          0x080004b4        0x4 C:/ST/STM32CubeIDE_1.16.1/STM32CubeIDE/plugins/com.st.stm32cube.ide.mcu.externaltools.gnu-tools-for-stm32.12.3.rel1.win32_1.0.200.202406191623/tools/bin/../lib/gcc/arm-none-eabi/12.3.1/thumb/v7e-m+fp/hard\libgcc.a(_dvmd_tls.o)
                0x080004b4                __aeabi_idiv0
                0x080004b4                __aeabi_ldiv0
 *(.text*)
 .text.main     0x080004b8       0x78 ./Core/Src/main.o
                0x080004b8                main
 .text.SystemClock_Config
                0x08000530       0xd4 ./Core/Src/main.o
                0x08000530                SystemClock_Config
 .text.MX_GPIO_Init
                0x08000604       0xd8 ./Core/Src/main.o
 .text.Error_Handler
                0x080006dc        0xc ./Core/Src/main.o
                0x080006dc                Error_Handler
 .text.HAL_MspInit
                0x080006e8       0x50 ./Core/Src/stm32f4xx_hal_msp.o
                0x080006e8                HAL_MspInit
 .text.NMI_Handler
                0x08000738        0x8 ./Core/Src/stm32f4xx_it.o
                0x08000738                NMI_Handler
 .text.HardFault_Handler
                0x08000740        0x8 ./Core/Src/stm32f4xx_it.o
                0x08000740                HardFault_Handler
 .text.MemManage_Handler
                0x08000748        0x8 ./Core/Src/stm32f4xx_it.o
                0x08000748                MemManage_Handler
 .text.BusFault_Handler
                0x08000750        0x8 ./Core/Src/stm32f4xx_it.o
                0x08000750                BusFault_Handler
 .text.UsageFault_Handler
                0x08000758        0x8 ./Core/Src/stm32f4xx_it.o
                0x08000758                UsageFault_Handler
 .text.SVC_Handler
                0x08000760        0xe ./Core/Src/stm32f4xx_it.o
                0x08000760                SVC_Handler
 .text.DebugMon_Handler
                0x0800076e        0xe ./Core/Src/stm32f4xx_it.o
                0x0800076e                DebugMon_Handler
 .text.PendSV_Handler
                0x0800077c        0xe ./Core/Src/stm32f4xx_it.o
                0x0800077c                PendSV_Handler
 .text.SysTick_Handler
                0x0800078a        0xc ./Core/Src/stm32f4xx_it.o
                0x0800078a                SysTick_Handler
 *fill*         0x08000796        0x2 
 .text.OTG_FS_IRQHandler
                0x08000798       0x14 ./Core/Src/stm32f4xx_it.o
                0x08000798                OTG_FS_IRQHandler
 .text.SystemInit
                0x080007ac       0x24 ./Core/Src/system_stm32f4xx.o
                0x080007ac                SystemInit
 .text.Reset_Handler
                0x080007d0       0x50 ./Core/Startup/startup_stm32f405rgtx.o
                0x080007d0                Reset_Handler
 .text.Default_Handler
                0x08000820        0x2 ./Core/Startup/startup_stm32f405rgtx.o
                0x08000820                RTC_Alarm_IRQHandler
                0x08000820                HASH_RNG_IRQHandler
                0x08000820                EXTI2_IRQHandler
                0x08000820                TIM8_CC_IRQHandler
                0x08000820                TIM1_CC_IRQHandler
                0x08000820                DMA2_Stream5_IRQHandler
                0x08000820                DMA1_Stream5_IRQHandler
                0x08000820                PVD_IRQHandler
                0x08000820                SDIO_IRQHandler
                0x08000820                TAMP_STAMP_IRQHandler
                0x08000820                CAN2_RX1_IRQHandler
                0x08000820                EXTI3_IRQHandler
                0x08000820                TIM8_TRG_COM_TIM14_IRQHandler
                0x08000820                TIM1_UP_TIM10_IRQHandler
                0x08000820                TIM8_UP_TIM13_IRQHandler
                0x08000820                I2C3_ER_IRQHandler
                0x08000820                EXTI0_IRQHandler
                0x08000820                I2C2_EV_IRQHandler
                0x08000820                DMA1_Stream2_IRQHandler
                0x08000820                CAN1_RX0_IRQHandler
                0x08000820                FPU_IRQHandler
                0x08000820                OTG_HS_WKUP_IRQHandler
                0x08000820                CAN2_SCE_IRQHandler
                0x08000820                DMA2_Stream2_IRQHandler
                0x08000820                SPI1_IRQHandler
                0x08000820                TIM6_DAC_IRQHandler
                0x08000820                TIM1_BRK_TIM9_IRQHandler
                0x08000820                CAN2_RX0_IRQHandler
                0x08000820                DMA2_Stream3_IRQHandler
                0x08000820                USART6_IRQHandler
                0x08000820                USART3_IRQHandler
                0x08000820                CAN1_RX1_IRQHandler
                0x08000820                UART5_IRQHandler
                0x08000820                DMA2_Stream0_IRQHandler
                0x08000820                TIM4_IRQHandler
                0x08000820                I2C1_EV_IRQHandler
                0x08000820                DMA1_Stream6_IRQHandler
                0x08000820                DMA1_Stream1_IRQHandler
                0x08000820                UART4_IRQHandler
                0x08000820                TIM3_IRQHandler
                0x08000820                RCC_IRQHandler
                0x08000820                TIM8_BRK_TIM12_IRQHandler
                0x08000820                Default_Handler
                0x08000820                EXTI15_10_IRQHandler
                0x08000820                ADC_IRQHandler
                0x08000820                DMA1_Stream7_IRQHandler
                0x08000820                TIM7_IRQHandler
                0x08000820                CAN2_TX_IRQHandler
                0x08000820                TIM5_IRQHandler
                0x08000820                DMA2_Stream7_IRQHandler
                0x08000820                I2C3_EV_IRQHandler
                0x08000820                EXTI9_5_IRQHandler
                0x08000820                RTC_WKUP_IRQHandler
                0x08000820                SPI2_IRQHandler
                0x08000820                OTG_HS_EP1_IN_IRQHandler
                0x08000820                DMA1_Stream0_IRQHandler
                0x08000820                CAN1_TX_IRQHandler
                0x08000820                EXTI4_IRQHandler
                0x08000820                FSMC_IRQHandler
                0x08000820                OTG_HS_EP1_OUT_IRQHandler
                0x08000820                WWDG_IRQHandler
                0x08000820                TIM2_IRQHandler
                0x08000820                OTG_FS_WKUP_IRQHandler
                0x08000820                TIM1_TRG_COM_TIM11_IRQHandler
                0x08000820                OTG_HS_IRQHandler
                0x08000820                EXTI1_IRQHandler
                0x08000820                USART2_IRQHandler
                0x08000820                I2C2_ER_IRQHandler
                0x08000820                DMA2_Stream1_IRQHandler
                0x08000820                CAN1_SCE_IRQHandler
                0x08000820                FLASH_IRQHandler
                0x08000820                DMA2_Stream4_IRQHandler
                0x08000820                USART1_IRQHandler
                0x08000820                SPI3_IRQHandler
                0x08000820                DMA1_Stream4_IRQHandler
                0x08000820                I2C1_ER_IRQHandler
                0x08000820                DMA2_Stream6_IRQHandler
                0x08000820                DMA1_Stream3_IRQHandler
 *fill*         0x08000822        0x2 
 .text.HAL_Init
                0x08000824       0x44 ./Drivers/STM32F4xx_HAL_Driver/stm32f4xx_hal.o
                0x08000824                HAL_Init
 .text.HAL_InitTick
                0x08000868       0x60 ./Drivers/STM32F4xx_HAL_Driver/stm32f4xx_hal.o
                0x08000868                HAL_InitTick
 .text.HAL_IncTick
                0x080008c8       0x28 ./Drivers/STM32F4xx_HAL_Driver/stm32f4xx_hal.o
                0x080008c8                HAL_IncTick
 .text.HAL_GetTick
                0x080008f0       0x18 ./Drivers/STM32F4xx_HAL_Driver/stm32f4xx_hal.o
                0x080008f0                HAL_GetTick
 .text.HAL_Delay
                0x08000908       0x48 ./Drivers/STM32F4xx_HAL_Driver/stm32f4xx_hal.o
                0x08000908                HAL_Delay
 .text.__NVIC_SetPriorityGrouping
                0x08000950       0x48 ./Drivers/STM32F4xx_HAL_Driver/stm32f4xx_hal_cortex.o
 .text.__NVIC_GetPriorityGrouping
                0x08000998       0x1c ./Drivers/STM32F4xx_HAL_Driver/stm32f4xx_hal_cortex.o
 .text.__NVIC_EnableIRQ
                0x080009b4       0x3c ./Drivers/STM32F4xx_HAL_Driver/stm32f4xx_hal_cortex.o
 .text.__NVIC_SetPriority
                0x080009f0       0x54 ./Drivers/STM32F4xx_HAL_Driver/stm32f4xx_hal_cortex.o
 .text.NVIC_EncodePriority
                0x08000a44       0x66 ./Drivers/STM32F4xx_HAL_Driver/stm32f4xx_hal_cortex.o
 *fill*         0x08000aaa        0x2 
 .text.SysTick_Config
                0x08000aac       0x44 ./Drivers/STM32F4xx_HAL_Driver/stm32f4xx_hal_cortex.o
 .text.HAL_NVIC_SetPriorityGrouping
                0x08000af0       0x16 ./Drivers/STM32F4xx_HAL_Driver/stm32f4xx_hal_cortex.o
                0x08000af0                HAL_NVIC_SetPriorityGrouping
 .text.HAL_NVIC_SetPriority
                0x08000b06       0x38 ./Drivers/STM32F4xx_HAL_Driver/stm32f4xx_hal_cortex.o
                0x08000b06                HAL_NVIC_SetPriority
 .text.HAL_NVIC_EnableIRQ
                0x08000b3e       0x1c ./Drivers/STM32F4xx_HAL_Driver/stm32f4xx_hal_cortex.o
                0x08000b3e                HAL_NVIC_EnableIRQ
 .text.HAL_SYSTICK_Config
                0x08000b5a       0x18 ./Drivers/STM32F4xx_HAL_Driver/stm32f4xx_hal_cortex.o
                0x08000b5a                HAL_SYSTICK_Config
 *fill*         0x08000b72        0x2 
 .text.HAL_FLASH_Program
                0x08000b74       0xa8 ./Drivers/STM32F4xx_HAL_Driver/stm32f4xx_hal_flash.o
                0x08000b74                HAL_FLASH_Program
 .text.HAL_FLASH_Unlock
                0x08000c1c       0x44 ./Drivers/STM32F4xx_HAL_Driver/stm32f4xx_hal_flash.o
                0x08000c1c                HAL_FLASH_Unlock
 .text.HAL_FLASH_Lock
                0x08000c60       0x20 ./Drivers/STM32F4xx_HAL_Driver/stm32f4xx_hal_flash.o
                0x08000c60                HAL_FLASH_Lock
 .text.FLASH_WaitForLastOperation
                0x08000c80       0x80 ./Drivers/STM32F4xx_HAL_Driver/stm32f4xx_hal_flash.o
                0x08000c80                FLASH_WaitForLastOperation
 .text.FLASH_Program_DoubleWord
                0x08000d00       0x64 ./Drivers/STM32F4xx_HAL_Driver/stm32f4xx_hal_flash.o
 .text.FLASH_Program_Word
                0x08000d64       0x44 ./Drivers/STM32F4xx_HAL_Driver/stm32f4xx_hal_flash.o
 .text.FLASH_Program_HalfWord
                0x08000da8       0x48 ./Drivers/STM32F4xx_HAL_Driver/stm32f4xx_hal_flash.o
 .text.FLASH_Program_Byte
                0x08000df0       0x44 ./Drivers/STM32F4xx_HAL_Driver/stm32f4xx_hal_flash.o
 .text.FLASH_SetErrorCode
                0x08000e34       0xac ./Drivers/STM32F4xx_HAL_Driver/stm32f4xx_hal_flash.o
 .text.HAL_FLASHEx_Erase
                0x08000ee0       0xe0 ./Drivers/STM32F4xx_HAL_Driver/stm32f4xx_hal_flash_ex.o
                0x08000ee0                HAL_FLASHEx_Erase
 .text.FLASH_MassErase
                0x08000fc0       0x48 ./Drivers/STM32F4xx_HAL_Driver/stm32f4xx_hal_flash_ex.o
 .text.FLASH_Erase_Sector
                0x08001008       0x90 ./Drivers/STM32F4xx_HAL_Driver/stm32f4xx_hal_flash_ex.o
                0x08001008                FLASH_Erase_Sector
 .text.FLASH_FlushCaches
                0x08001098       0x8c ./Drivers/STM32F4xx_HAL_Driver/stm32f4xx_hal_flash_ex.o
                0x08001098                FLASH_FlushCaches
 .text.HAL_GPIO_Init
                0x08001124      0x338 ./Drivers/STM32F4xx_HAL_Driver/stm32f4xx_hal_gpio.o
                0x08001124                HAL_GPIO_Init
 .text.HAL_GPIO_ReadPin
                0x0800145c       0x30 ./Drivers/STM32F4xx_HAL_Driver/stm32f4xx_hal_gpio.o
                0x0800145c                HAL_GPIO_ReadPin
 .text.HAL_GPIO_WritePin
                0x0800148c       0x32 ./Drivers/STM32F4xx_HAL_Driver/stm32f4xx_hal_gpio.o
                0x0800148c                HAL_GPIO_WritePin
 .text.HAL_PCD_Init
                0x080014be      0x21e ./Drivers/STM32F4xx_HAL_Driver/stm32f4xx_hal_pcd.o
                0x080014be                HAL_PCD_Init
 .text.HAL_PCD_Start
                0x080016dc       0x6a ./Drivers/STM32F4xx_HAL_Driver/stm32f4xx_hal_pcd.o
                0x080016dc                HAL_PCD_Start
 .text.HAL_PCD_Stop
                0x08001746       0x76 ./Drivers/STM32F4xx_HAL_Driver/stm32f4xx_hal_pcd.o
                0x08001746                HAL_PCD_Stop
 .text.HAL_PCD_IRQHandler
                0x080017bc      0x942 ./Drivers/STM32F4xx_HAL_Driver/stm32f4xx_hal_pcd.o
                0x080017bc                HAL_PCD_IRQHandler
 .text.HAL_PCD_SetAddress
                0x080020fe       0x48 ./Drivers/STM32F4xx_HAL_Driver/stm32f4xx_hal_pcd.o
                0x080020fe                HAL_PCD_SetAddress
 .text.HAL_PCD_EP_Open
                0x08002146       0xd4 ./Drivers/STM32F4xx_HAL_Driver/stm32f4xx_hal_pcd.o
                0x08002146                HAL_PCD_EP_Open
 .text.HAL_PCD_EP_Receive
                0x0800221a       0x76 ./Drivers/STM32F4xx_HAL_Driver/stm32f4xx_hal_pcd.o
                0x0800221a                HAL_PCD_EP_Receive
 .text.HAL_PCD_EP_Transmit
                0x08002290       0x74 ./Drivers/STM32F4xx_HAL_Driver/stm32f4xx_hal_pcd.o
                0x08002290                HAL_PCD_EP_Transmit
 .text.HAL_PCD_EP_SetStall
                0x08002304       0xc6 ./Drivers/STM32F4xx_HAL_Driver/stm32f4xx_hal_pcd.o
                0x08002304                HAL_PCD_EP_SetStall
 .text.HAL_PCD_EP_ClrStall
                0x080023ca       0xac ./Drivers/STM32F4xx_HAL_Driver/stm32f4xx_hal_pcd.o
                0x080023ca                HAL_PCD_EP_ClrStall
 .text.HAL_PCD_EP_Abort
                0x08002476       0x62 ./Drivers/STM32F4xx_HAL_Driver/stm32f4xx_hal_pcd.o
                0x08002476                HAL_PCD_EP_Abort
 .text.PCD_WriteEmptyTxFifo
                0x080024d8      0x118 ./Drivers/STM32F4xx_HAL_Driver/stm32f4xx_hal_pcd.o
 .text.PCD_EP_OutXfrComplete_int
                0x080025f0      0x1d0 ./Drivers/STM32F4xx_HAL_Driver/stm32f4xx_hal_pcd.o
 .text.PCD_EP_OutSetupPacket_int
                0x080027c0       0x8c ./Drivers/STM32F4xx_HAL_Driver/stm32f4xx_hal_pcd.o
 .text.HAL_PCDEx_SetTxFiFo
                0x0800284c       0x8e ./Drivers/STM32F4xx_HAL_Driver/stm32f4xx_hal_pcd_ex.o
                0x0800284c                HAL_PCDEx_SetTxFiFo
 .text.HAL_PCDEx_SetRxFiFo
                0x080028da       0x22 ./Drivers/STM32F4xx_HAL_Driver/stm32f4xx_hal_pcd_ex.o
                0x080028da                HAL_PCDEx_SetRxFiFo
 .text.HAL_PCDEx_LPM_Callback
                0x080028fc       0x18 ./Drivers/STM32F4xx_HAL_Driver/stm32f4xx_hal_pcd_ex.o
                0x080028fc                HAL_PCDEx_LPM_Callback
 .text.HAL_RCC_OscConfig
                0x08002914      0x4f0 ./Drivers/STM32F4xx_HAL_Driver/stm32f4xx_hal_rcc.o
                0x08002914                HAL_RCC_OscConfig
 .text.HAL_RCC_ClockConfig
                0x08002e04      0x1cc ./Drivers/STM32F4xx_HAL_Driver/stm32f4xx_hal_rcc.o
                0x08002e04                HAL_RCC_ClockConfig
 .text.HAL_RCC_GetSysClockFreq
                0x08002fd0      0x18c ./Drivers/STM32F4xx_HAL_Driver/stm32f4xx_hal_rcc.o
                0x08002fd0                HAL_RCC_GetSysClockFreq
 .text.HAL_RCC_GetHCLKFreq
                0x0800315c       0x18 ./Drivers/STM32F4xx_HAL_Driver/stm32f4xx_hal_rcc.o
                0x0800315c                HAL_RCC_GetHCLKFreq
 .text.USB_CoreInit
                0x08003174       0xc8 ./Drivers/STM32F4xx_HAL_Driver/stm32f4xx_ll_usb.o
                0x08003174                USB_CoreInit
 .text.USB_SetTurnaroundTime
                0x0800323c      0x144 ./Drivers/STM32F4xx_HAL_Driver/stm32f4xx_ll_usb.o
                0x0800323c                USB_SetTurnaroundTime
 .text.USB_EnableGlobalInt
                0x08003380       0x22 ./Drivers/STM32F4xx_HAL_Driver/stm32f4xx_ll_usb.o
                0x08003380                USB_EnableGlobalInt
 .text.USB_DisableGlobalInt
                0x080033a2       0x22 ./Drivers/STM32F4xx_HAL_Driver/stm32f4xx_ll_usb.o
                0x080033a2                USB_DisableGlobalInt
 .text.USB_SetCurrentMode
                0x080033c4       0x98 ./Drivers/STM32F4xx_HAL_Driver/stm32f4xx_ll_usb.o
                0x080033c4                USB_SetCurrentMode
 .text.USB_DevInit
                0x0800345c      0x2c8 ./Drivers/STM32F4xx_HAL_Driver/stm32f4xx_ll_usb.o
                0x0800345c                USB_DevInit
 .text.USB_FlushTxFifo
                0x08003724       0x64 ./Drivers/STM32F4xx_HAL_Driver/stm32f4xx_ll_usb.o
                0x08003724                USB_FlushTxFifo
 .text.USB_FlushRxFifo
                0x08003788       0x5c ./Drivers/STM32F4xx_HAL_Driver/stm32f4xx_ll_usb.o
                0x08003788                USB_FlushRxFifo
 .text.USB_SetDevSpeed
                0x080037e4       0x32 ./Drivers/STM32F4xx_HAL_Driver/stm32f4xx_ll_usb.o
                0x080037e4                USB_SetDevSpeed
 .text.USB_GetDevSpeed
                0x08003816       0x4a ./Drivers/STM32F4xx_HAL_Driver/stm32f4xx_ll_usb.o
                0x08003816                USB_GetDevSpeed
 .text.USB_ActivateEndpoint
                0x08003860      0x10e ./Drivers/STM32F4xx_HAL_Driver/stm32f4xx_ll_usb.o
                0x08003860                USB_ActivateEndpoint
 *fill*         0x0800396e        0x2 
 .text.USB_EPStartXfer
                0x08003970      0x53c ./Drivers/STM32F4xx_HAL_Driver/stm32f4xx_ll_usb.o
                0x08003970                USB_EPStartXfer
 .text.USB_EPStopXfer
                0x08003eac      0x154 ./Drivers/STM32F4xx_HAL_Driver/stm32f4xx_ll_usb.o
                0x08003eac                USB_EPStopXfer
 .text.USB_WritePacket
                0x08004000       0x7c ./Drivers/STM32F4xx_HAL_Driver/stm32f4xx_ll_usb.o
                0x08004000                USB_WritePacket
 .text.USB_ReadPacket
                0x0800407c       0xb0 ./Drivers/STM32F4xx_HAL_Driver/stm32f4xx_ll_usb.o
                0x0800407c                USB_ReadPacket
 .text.USB_EPSetStall
                0x0800412c       0xdc ./Drivers/STM32F4xx_HAL_Driver/stm32f4xx_ll_usb.o
                0x0800412c                USB_EPSetStall
 .text.USB_EPClearStall
                0x08004208       0xcc ./Drivers/STM32F4xx_HAL_Driver/stm32f4xx_ll_usb.o
                0x08004208                USB_EPClearStall
 .text.USB_SetDevAddress
                0x080042d4       0x4c ./Drivers/STM32F4xx_HAL_Driver/stm32f4xx_ll_usb.o
                0x080042d4                USB_SetDevAddress
 .text.USB_DevConnect
                0x08004320       0x42 ./Drivers/STM32F4xx_HAL_Driver/stm32f4xx_ll_usb.o
                0x08004320                USB_DevConnect
 .text.USB_DevDisconnect
                0x08004362       0x42 ./Drivers/STM32F4xx_HAL_Driver/stm32f4xx_ll_usb.o
                0x08004362                USB_DevDisconnect
 .text.USB_ReadInterrupts
                0x080043a4       0x26 ./Drivers/STM32F4xx_HAL_Driver/stm32f4xx_ll_usb.o
                0x080043a4                USB_ReadInterrupts
 .text.USB_ReadDevAllOutEpInterrupt
                0x080043ca       0x34 ./Drivers/STM32F4xx_HAL_Driver/stm32f4xx_ll_usb.o
                0x080043ca                USB_ReadDevAllOutEpInterrupt
 .text.USB_ReadDevAllInEpInterrupt
                0x080043fe       0x34 ./Drivers/STM32F4xx_HAL_Driver/stm32f4xx_ll_usb.o
                0x080043fe                USB_ReadDevAllInEpInterrupt
 .text.USB_ReadDevOutEPInterrupt
                0x08004432       0x3c ./Drivers/STM32F4xx_HAL_Driver/stm32f4xx_ll_usb.o
                0x08004432                USB_ReadDevOutEPInterrupt
 .text.USB_ReadDevInEPInterrupt
                0x0800446e       0x5c ./Drivers/STM32F4xx_HAL_Driver/stm32f4xx_ll_usb.o
                0x0800446e                USB_ReadDevInEPInterrupt
 .text.USB_GetMode
                0x080044ca       0x1c ./Drivers/STM32F4xx_HAL_Driver/stm32f4xx_ll_usb.o
                0x080044ca                USB_GetMode
 .text.USB_ActivateSetup
                0x080044e6       0x46 ./Drivers/STM32F4xx_HAL_Driver/stm32f4xx_ll_usb.o
                0x080044e6                USB_ActivateSetup
 .text.USB_EP0_OutStart
                0x0800452c       0xbc ./Drivers/STM32F4xx_HAL_Driver/stm32f4xx_ll_usb.o
                0x0800452c                USB_EP0_OutStart
 .text.USB_CoreReset
                0x080045e8       0x62 ./Drivers/STM32F4xx_HAL_Driver/stm32f4xx_ll_usb.o
 .text.USBD_Init
                0x0800464a       0x60 ./Middlewares/USB_Device_Library/usbd_core.o
                0x0800464a                USBD_Init
 .text.USBD_RegisterClass
                0x080046aa       0x6c ./Middlewares/USB_Device_Library/usbd_core.o
                0x080046aa                USBD_RegisterClass
 .text.USBD_Start
                0x08004716       0x18 ./Middlewares/USB_Device_Library/usbd_core.o
                0x08004716                USBD_Start
 .text.USBD_Stop
                0x0800472e       0x36 ./Middlewares/USB_Device_Library/usbd_core.o
                0x0800472e                USBD_Stop
 .text.USBD_RunTestMode
                0x08004764       0x16 ./Middlewares/USB_Device_Library/usbd_core.o
                0x08004764                USBD_RunTestMode
 .text.USBD_SetClassConfig
                0x0800477a       0x38 ./Middlewares/USB_Device_Library/usbd_core.o
                0x0800477a                USBD_SetClassConfig
 .text.USBD_ClrClassConfig
                0x080047b2       0x34 ./Middlewares/USB_Device_Library/usbd_core.o
                0x080047b2                USBD_ClrClassConfig
 .text.USBD_LL_SetupStage
                0x080047e6       0xaa ./Middlewares/USB_Device_Library/usbd_core.o
                0x080047e6                USBD_LL_SetupStage
 .text.USBD_LL_DataOutStage
                0x08004890      0x166 ./Middlewares/USB_Device_Library/usbd_core.o
                0x08004890                USBD_LL_DataOutStage
 .text.USBD_LL_DataInStage
                0x080049f6      0x164 ./Middlewares/USB_Device_Library/usbd_core.o
                0x080049f6                USBD_LL_DataInStage
 .text.USBD_LL_Reset
                0x08004b5a       0xa4 ./Middlewares/USB_Device_Library/usbd_core.o
                0x08004b5a                USBD_LL_Reset
 .text.USBD_LL_SetSpeed
                0x08004bfe       0x20 ./Middlewares/USB_Device_Library/usbd_core.o
                0x08004bfe                USBD_LL_SetSpeed
 .text.USBD_LL_Suspend
                0x08004c1e       0x38 ./Middlewares/USB_Device_Library/usbd_core.o
                0x08004c1e                USBD_LL_Suspend
 .text.USBD_LL_Resume
                0x08004c56       0x30 ./Middlewares/USB_Device_Library/usbd_core.o
                0x08004c56                USBD_LL_Resume
 .text.USBD_LL_SOF
                0x08004c86       0x40 ./Middlewares/USB_Device_Library/usbd_core.o
                0x08004c86                USBD_LL_SOF
 .text.USBD_LL_IsoINIncomplete
                0x08004cc6       0x64 ./Middlewares/USB_Device_Library/usbd_core.o
                0x08004cc6                USBD_LL_IsoINIncomplete
 .text.USBD_LL_IsoOUTIncomplete
                0x08004d2a       0x64 ./Middlewares/USB_Device_Library/usbd_core.o
                0x08004d2a                USBD_LL_IsoOUTIncomplete
 .text.USBD_LL_DevConnected
                0x08004d8e       0x16 ./Middlewares/USB_Device_Library/usbd_core.o
                0x08004d8e                USBD_LL_DevConnected
 .text.USBD_LL_DevDisconnected
                0x08004da4       0x46 ./Middlewares/USB_Device_Library/usbd_core.o
                0x08004da4                USBD_LL_DevDisconnected
 .text.USBD_CoreFindIF
                0x08004dea       0x1a ./Middlewares/USB_Device_Library/usbd_core.o
                0x08004dea                USBD_CoreFindIF
 .text.USBD_CoreFindEP
                0x08004e04       0x1a ./Middlewares/USB_Device_Library/usbd_core.o
                0x08004e04                USBD_CoreFindEP
 .text.USBD_GetNextDesc
                0x08004e1e       0x38 ./Middlewares/USB_Device_Library/usbd_core.o
                0x08004e1e                USBD_GetNextDesc
 .text.SWAPBYTE
                0x08004e56       0x3c ./Middlewares/USB_Device_Library/usbd_ctlreq.o
 *fill*         0x08004e92        0x2 
 .text.USBD_StdDevReq
                0x08004e94       0xe4 ./Middlewares/USB_Device_Library/usbd_ctlreq.o
                0x08004e94                USBD_StdDevReq
 .text.USBD_StdItfReq
                0x08004f78       0xd8 ./Middlewares/USB_Device_Library/usbd_ctlreq.o
                0x08004f78                USBD_StdItfReq
 .text.USBD_StdEPReq
                0x08005050      0x33a ./Middlewares/USB_Device_Library/usbd_ctlreq.o
                0x08005050                USBD_StdEPReq
 *fill*         0x0800538a        0x2 
 .text.USBD_GetDescriptor
                0x0800538c      0x320 ./Middlewares/USB_Device_Library/usbd_ctlreq.o
 .text.USBD_SetAddress
                0x080056ac       0x88 ./Middlewares/USB_Device_Library/usbd_ctlreq.o
 .text.USBD_SetConfig
                0x08005734      0x154 ./Middlewares/USB_Device_Library/usbd_ctlreq.o
 .text.USBD_GetConfig
                0x08005888       0x6c ./Middlewares/USB_Device_Library/usbd_ctlreq.o
 .text.USBD_GetStatus
                0x080058f4       0x68 ./Middlewares/USB_Device_Library/usbd_ctlreq.o
 .text.USBD_SetFeature
                0x0800595c       0x52 ./Middlewares/USB_Device_Library/usbd_ctlreq.o
 .text.USBD_ClrFeature
                0x080059ae       0x44 ./Middlewares/USB_Device_Library/usbd_ctlreq.o
 .text.USBD_ParseSetupRequest
                0x080059f2       0x74 ./Middlewares/USB_Device_Library/usbd_ctlreq.o
                0x080059f2                USBD_ParseSetupRequest
 .text.USBD_CtlError
                0x08005a66       0x22 ./Middlewares/USB_Device_Library/usbd_ctlreq.o
                0x08005a66                USBD_CtlError
 .text.USBD_GetString
                0x08005a88       0xa4 ./Middlewares/USB_Device_Library/usbd_ctlreq.o
                0x08005a88                USBD_GetString
 .text.USBD_GetLen
                0x08005b2c       0x34 ./Middlewares/USB_Device_Library/usbd_ctlreq.o
 .text.__NVIC_SystemReset
                0x08005b60       0x2c ./Middlewares/USB_Device_Library/usbd_dfu.o
 .text.USBD_DFU_Init
                0x08005b8c       0xde ./Middlewares/USB_Device_Library/usbd_dfu.o
 .text.USBD_DFU_DeInit
                0x08005c6a       0xa4 ./Middlewares/USB_Device_Library/usbd_dfu.o
 *fill*         0x08005d0e        0x2 
 .text.USBD_DFU_Setup
                0x08005d10      0x208 ./Middlewares/USB_Device_Library/usbd_dfu.o
 .text.USBD_DFU_GetCfgDesc
                0x08005f18       0x20 ./Middlewares/USB_Device_Library/usbd_dfu.o
 .text.USBD_DFU_EP0_RxReady
                0x08005f38       0x16 ./Middlewares/USB_Device_Library/usbd_dfu.o
 .text.USBD_DFU_EP0_TxReady
                0x08005f4e      0x220 ./Middlewares/USB_Device_Library/usbd_dfu.o
 .text.USBD_DFU_SOF
                0x0800616e       0x16 ./Middlewares/USB_Device_Library/usbd_dfu.o
 .text.USBD_DFU_GetDeviceQualifierDesc
                0x08006184       0x20 ./Middlewares/USB_Device_Library/usbd_dfu.o
 .text.USBD_DFU_GetUsrStringDesc
                0x080061a4       0x4c ./Middlewares/USB_Device_Library/usbd_dfu.o
 .text.USBD_DFU_RegisterMedia
                0x080061f0       0x34 ./Middlewares/USB_Device_Library/usbd_dfu.o
                0x080061f0                USBD_DFU_RegisterMedia
 .text.DFU_Detach
                0x08006224       0xe0 ./Middlewares/USB_Device_Library/usbd_dfu.o
 .text.DFU_Download
                0x08006304       0xec ./Middlewares/USB_Device_Library/usbd_dfu.o
 .text.DFU_Upload
                0x080063f0      0x210 ./Middlewares/USB_Device_Library/usbd_dfu.o
 .text.DFU_GetStatus
                0x08006600      0x198 ./Middlewares/USB_Device_Library/usbd_dfu.o
 .text.DFU_ClearStatus
                0x08006798       0xb0 ./Middlewares/USB_Device_Library/usbd_dfu.o
 .text.DFU_GetState
                0x08006848       0x38 ./Middlewares/USB_Device_Library/usbd_dfu.o
 .text.DFU_Abort
                0x08006880       0xaa ./Middlewares/USB_Device_Library/usbd_dfu.o
 .text.DFU_Leave
                0x0800692a       0xca ./Middlewares/USB_Device_Library/usbd_dfu.o
 .text.USBD_DFU_GetDfuFuncDesc
                0x080069f4       0x5c ./Middlewares/USB_Device_Library/usbd_dfu.o
 .text.USBD_CtlSendData
                0x08006a50       0x36 ./Middlewares/USB_Device_Library/usbd_ioreq.o
                0x08006a50                USBD_CtlSendData
 .text.USBD_CtlContinueSendData
                0x08006a86       0x22 ./Middlewares/USB_Device_Library/usbd_ioreq.o
                0x08006a86                USBD_CtlContinueSendData
 .text.USBD_CtlPrepareRx
                0x08006aa8       0x3a ./Middlewares/USB_Device_Library/usbd_ioreq.o
                0x08006aa8                USBD_CtlPrepareRx
 .text.USBD_CtlContinueRx
                0x08006ae2       0x22 ./Middlewares/USB_Device_Library/usbd_ioreq.o
                0x08006ae2                USBD_CtlContinueRx
 .text.USBD_CtlSendStatus
                0x08006b04       0x26 ./Middlewares/USB_Device_Library/usbd_ioreq.o
                0x08006b04                USBD_CtlSendStatus
 .text.USBD_CtlReceiveStatus
                0x08006b2a       0x26 ./Middlewares/USB_Device_Library/usbd_ioreq.o
                0x08006b2a                USBD_CtlReceiveStatus
 .text.MX_USB_DEVICE_Init
                0x08006b50       0x60 ./USB_DEVICE/App/usb_device.o
                0x08006b50                MX_USB_DEVICE_Init
 .text.USBD_FS_DeviceDescriptor
                0x08006bb0       0x24 ./USB_DEVICE/App/usbd_desc.o
                0x08006bb0                USBD_FS_DeviceDescriptor
 .text.USBD_FS_LangIDStrDescriptor
                0x08006bd4       0x24 ./USB_DEVICE/App/usbd_desc.o
                0x08006bd4                USBD_FS_LangIDStrDescriptor
 .text.USBD_FS_ProductStrDescriptor
                0x08006bf8       0x3c ./USB_DEVICE/App/usbd_desc.o
                0x08006bf8                USBD_FS_ProductStrDescriptor
 .text.USBD_FS_ManufacturerStrDescriptor
                0x08006c34       0x28 ./USB_DEVICE/App/usbd_desc.o
                0x08006c34                USBD_FS_ManufacturerStrDescriptor
 .text.USBD_FS_SerialStrDescriptor
                0x08006c5c       0x24 ./USB_DEVICE/App/usbd_desc.o
                0x08006c5c                USBD_FS_SerialStrDescriptor
 .text.USBD_FS_ConfigStrDescriptor
                0x08006c80       0x3c ./USB_DEVICE/App/usbd_desc.o
                0x08006c80                USBD_FS_ConfigStrDescriptor
 .text.USBD_FS_InterfaceStrDescriptor
                0x08006cbc       0x3c ./USB_DEVICE/App/usbd_desc.o
                0x08006cbc                USBD_FS_InterfaceStrDescriptor
 .text.Get_SerialNum
                0x08006cf8       0x58 ./USB_DEVICE/App/usbd_desc.o
 .text.IntToUnicode
                0x08006d50       0x7e ./USB_DEVICE/App/usbd_desc.o
 .text.MEM_If_Init_FS
                0x08006dce       0x24 ./USB_DEVICE/App/usbd_dfu_if.o
 .text.MEM_If_DeInit_FS
                0x08006df2       0x28 ./USB_DEVICE/App/usbd_dfu_if.o
 *fill*         0x08006e1a        0x2 
 .text.MEM_If_Erase_FS
                0x08006e1c       0x58 ./USB_DEVICE/App/usbd_dfu_if.o
 .text.MEM_If_Write_FS
                0x08006e74       0x70 ./USB_DEVICE/App/usbd_dfu_if.o
 .text.MEM_If_Read_FS
                0x08006ee4       0x46 ./USB_DEVICE/App/usbd_dfu_if.o
 .text.MEM_If_GetStatus_FS
                0x08006f2a       0x56 ./USB_DEVICE/App/usbd_dfu_if.o
 .text.HAL_PCD_MspInit
                0x08006f80       0xa8 ./USB_DEVICE/Target/usbd_conf.o
                0x08006f80                HAL_PCD_MspInit
 .text.HAL_PCD_SetupStageCallback
                0x08007028       0x24 ./USB_DEVICE/Target/usbd_conf.o
                0x08007028                HAL_PCD_SetupStageCallback
 .text.HAL_PCD_DataOutStageCallback
                0x0800704c       0x36 ./USB_DEVICE/Target/usbd_conf.o
                0x0800704c                HAL_PCD_DataOutStageCallback
 .text.HAL_PCD_DataInStageCallback
                0x08007082       0x34 ./USB_DEVICE/Target/usbd_conf.o
                0x08007082                HAL_PCD_DataInStageCallback
 .text.HAL_PCD_SOFCallback
                0x080070b6       0x1c ./USB_DEVICE/Target/usbd_conf.o
                0x080070b6                HAL_PCD_SOFCallback
 .text.HAL_PCD_ResetCallback
                0x080070d2       0x50 ./USB_DEVICE/Target/usbd_conf.o
                0x080070d2                HAL_PCD_ResetCallback
 *fill*         0x08007122        0x2 
 .text.HAL_PCD_SuspendCallback
                0x08007124       0x4c ./USB_DEVICE/Target/usbd_conf.o
                0x08007124                HAL_PCD_SuspendCallback
 .text.HAL_PCD_ResumeCallback
                0x08007170       0x1c ./USB_DEVICE/Target/usbd_conf.o
                0x08007170                HAL_PCD_ResumeCallback
 .text.HAL_PCD_ISOOUTIncompleteCallback
                0x0800718c       0x24 ./USB_DEVICE/Target/usbd_conf.o
                0x0800718c                HAL_PCD_ISOOUTIncompleteCallback
 .text.HAL_PCD_ISOINIncompleteCallback
                0x080071b0       0x24 ./USB_DEVICE/Target/usbd_conf.o
                0x080071b0                HAL_PCD_ISOINIncompleteCallback
 .text.HAL_PCD_ConnectCallback
                0x080071d4       0x1c ./USB_DEVICE/Target/usbd_conf.o
                0x080071d4                HAL_PCD_ConnectCallback
 .text.HAL_PCD_DisconnectCallback
                0x080071f0       0x1c ./USB_DEVICE/Target/usbd_conf.o
                0x080071f0                HAL_PCD_DisconnectCallback
 .text.USBD_LL_Init
                0x0800720c       0x98 ./USB_DEVICE/Target/usbd_conf.o
                0x0800720c                USBD_LL_Init
 .text.USBD_LL_Start
                0x080072a4       0x36 ./USB_DEVICE/Target/usbd_conf.o
                0x080072a4                USBD_LL_Start
 .text.USBD_LL_Stop
                0x080072da       0x36 ./USB_DEVICE/Target/usbd_conf.o
                0x080072da                USBD_LL_Stop
 .text.USBD_LL_OpenEP
                0x08007310       0x4c ./USB_DEVICE/Target/usbd_conf.o
                0x08007310                USBD_LL_OpenEP
 .text.USBD_LL_StallEP
                0x0800735c       0x3e ./USB_DEVICE/Target/usbd_conf.o
                0x0800735c                USBD_LL_StallEP
 .text.USBD_LL_ClearStallEP
                0x0800739a       0x3e ./USB_DEVICE/Target/usbd_conf.o
                0x0800739a                USBD_LL_ClearStallEP
 .text.USBD_LL_IsStallEP
                0x080073d8       0x58 ./USB_DEVICE/Target/usbd_conf.o
                0x080073d8                USBD_LL_IsStallEP
 .text.USBD_LL_SetUSBAddress
                0x08007430       0x3e ./USB_DEVICE/Target/usbd_conf.o
                0x08007430                USBD_LL_SetUSBAddress
 .text.USBD_LL_Transmit
                0x0800746e       0x42 ./USB_DEVICE/Target/usbd_conf.o
                0x0800746e                USBD_LL_Transmit
 .text.USBD_LL_PrepareReceive
                0x080074b0       0x42 ./USB_DEVICE/Target/usbd_conf.o
                0x080074b0                USBD_LL_PrepareReceive
 *fill*         0x080074f2        0x2 
 .text.USBD_static_malloc
                0x080074f4       0x1c ./USB_DEVICE/Target/usbd_conf.o
                0x080074f4                USBD_static_malloc
 .text.USBD_static_free
                0x08007510       0x14 ./USB_DEVICE/Target/usbd_conf.o
                0x08007510                USBD_static_free
 .text.USBD_Get_USB_Status
                0x08007524       0x58 ./USB_DEVICE/Target/usbd_conf.o
                0x08007524                USBD_Get_USB_Status
 .text.memset   0x0800757c       0x10 C:/ST/STM32CubeIDE_1.16.1/STM32CubeIDE/plugins/com.st.stm32cube.ide.mcu.externaltools.gnu-tools-for-stm32.12.3.rel1.win32_1.0.200.202406191623/tools/bin/../lib/gcc/arm-none-eabi/12.3.1/../../../../arm-none-eabi/lib/thumb/v7e-m+fp/hard\libc_nano.a(libc_a-memset.o)
                0x0800757c                memset
 .text.__libc_init_array
                0x0800758c       0x48 C:/ST/STM32CubeIDE_1.16.1/STM32CubeIDE/plugins/com.st.stm32cube.ide.mcu.externaltools.gnu-tools-for-stm32.12.3.rel1.win32_1.0.200.202406191623/tools/bin/../lib/gcc/arm-none-eabi/12.3.1/../../../../arm-none-eabi/lib/thumb/v7e-m+fp/hard\libc_nano.a(libc_a-init.o)
                0x0800758c                __libc_init_array
 *(.glue_7)
 .glue_7        0x080075d4        0x0 linker stubs
 *(.glue_7t)
 .glue_7t       0x080075d4        0x0 linker stubs
 *(.eh_frame)
 .eh_frame      0x080075d4        0x0 C:/ST/STM32CubeIDE_1.16.1/STM32CubeIDE/plugins/com.st.stm32cube.ide.mcu.externaltools.gnu-tools-for-stm32.12.3.rel1.win32_1.0.200.202406191623/tools/bin/../lib/gcc/arm-none-eabi/12.3.1/thumb/v7e-m+fp/hard/crtbegin.o
 *(.init)
 .init          0x080075d4        0x4 C:/ST/STM32CubeIDE_1.16.1/STM32CubeIDE/plugins/com.st.stm32cube.ide.mcu.externaltools.gnu-tools-for-stm32.12.3.rel1.win32_1.0.200.202406191623/tools/bin/../lib/gcc/arm-none-eabi/12.3.1/thumb/v7e-m+fp/hard/crti.o
                0x080075d4                _init
 .init          0x080075d8        0x8 C:/ST/STM32CubeIDE_1.16.1/STM32CubeIDE/plugins/com.st.stm32cube.ide.mcu.externaltools.gnu-tools-for-stm32.12.3.rel1.win32_1.0.200.202406191623/tools/bin/../lib/gcc/arm-none-eabi/12.3.1/thumb/v7e-m+fp/hard/crtn.o
 *(.fini)
 .fini          0x080075e0        0x4 C:/ST/STM32CubeIDE_1.16.1/STM32CubeIDE/plugins/com.st.stm32cube.ide.mcu.externaltools.gnu-tools-for-stm32.12.3.rel1.win32_1.0.200.202406191623/tools/bin/../lib/gcc/arm-none-eabi/12.3.1/thumb/v7e-m+fp/hard/crti.o
                0x080075e0                _fini
 .fini          0x080075e4        0x8 C:/ST/STM32CubeIDE_1.16.1/STM32CubeIDE/plugins/com.st.stm32cube.ide.mcu.externaltools.gnu-tools-for-stm32.12.3.rel1.win32_1.0.200.202406191623/tools/bin/../lib/gcc/arm-none-eabi/12.3.1/thumb/v7e-m+fp/hard/crtn.o
                0x080075ec                        . = ALIGN (0x4)
                0x080075ec                        _etext = .

.vfp11_veneer   0x080075ec        0x0
 .vfp11_veneer  0x080075ec        0x0 linker stubs

.v4_bx          0x080075ec        0x0
 .v4_bx         0x080075ec        0x0 linker stubs

.iplt           0x080075ec        0x0
 .iplt          0x080075ec        0x0 C:/ST/STM32CubeIDE_1.16.1/STM32CubeIDE/plugins/com.st.stm32cube.ide.mcu.externaltools.gnu-tools-for-stm32.12.3.rel1.win32_1.0.200.202406191623/tools/bin/../lib/gcc/arm-none-eabi/12.3.1/thumb/v7e-m+fp/hard/crtbegin.o

.rodata         0x080075ec       0xc0
                0x080075ec                        . = ALIGN (0x4)
 *(.rodata)
 .rodata        0x080075ec       0x4e ./USB_DEVICE/App/usbd_desc.o
 *fill*         0x0800763a        0x2 
 .rodata        0x0800763c       0x5d ./USB_DEVICE/App/usbd_dfu_if.o
 *(.rodata*)
 *fill*         0x08007699        0x3 
 .rodata.AHBPrescTable
                0x0800769c       0x10 ./Core/Src/system_stm32f4xx.o
                0x0800769c                AHBPrescTable
                0x080076ac                        . = ALIGN (0x4)

.ARM.extab      0x080076ac        0x0
                0x080076ac                        . = ALIGN (0x4)
 *(.ARM.extab* .gnu.linkonce.armextab.*)
                0x080076ac                        . = ALIGN (0x4)

.ARM            0x080076ac        0x8
                0x080076ac                        . = ALIGN (0x4)
                0x080076ac                        __exidx_start = .
 *(.ARM.exidx*)
 .ARM.exidx     0x080076ac        0x8 C:/ST/STM32CubeIDE_1.16.1/STM32CubeIDE/plugins/com.st.stm32cube.ide.mcu.externaltools.gnu-tools-for-stm32.12.3.rel1.win32_1.0.200.202406191623/tools/bin/../lib/gcc/arm-none-eabi/12.3.1/thumb/v7e-m+fp/hard\libgcc.a(_udivmoddi4.o)
                0x080076b4                        __exidx_end = .
                0x080076b4                        . = ALIGN (0x4)

.preinit_array  0x080076b4        0x0
                0x080076b4                        . = ALIGN (0x4)
                0x080076b4                        PROVIDE (__preinit_array_start = .)
 *(.preinit_array*)
                0x080076b4                        PROVIDE (__preinit_array_end = .)
                0x080076b4                        . = ALIGN (0x4)

.init_array     0x080076b4        0x4
                0x080076b4                        . = ALIGN (0x4)
                0x080076b4                        PROVIDE (__init_array_start = .)
 *(SORT_BY_NAME(.init_array.*))
 *(.init_array*)
 .init_array    0x080076b4        0x4 C:/ST/STM32CubeIDE_1.16.1/STM32CubeIDE/plugins/com.st.stm32cube.ide.mcu.externaltools.gnu-tools-for-stm32.12.3.rel1.win32_1.0.200.202406191623/tools/bin/../lib/gcc/arm-none-eabi/12.3.1/thumb/v7e-m+fp/hard/crtbegin.o
                0x080076b8                        PROVIDE (__init_array_end = .)
                0x080076b8                        . = ALIGN (0x4)

.fini_array     0x080076b8        0x4
                0x080076b8                        . = ALIGN (0x4)
                [!provide]                        PROVIDE (__fini_array_start = .)
 *(SORT_BY_NAME(.fini_array.*))
 *(.fini_array*)
 .fini_array    0x080076b8        0x4 C:/ST/STM32CubeIDE_1.16.1/STM32CubeIDE/plugins/com.st.stm32cube.ide.mcu.externaltools.gnu-tools-for-stm32.12.3.rel1.win32_1.0.200.202406191623/tools/bin/../lib/gcc/arm-none-eabi/12.3.1/thumb/v7e-m+fp/hard/crtbegin.o
                [!provide]                        PROVIDE (__fini_array_end = .)
                0x080076bc                        . = ALIGN (0x4)
                0x080076bc                        _sidata = LOADADDR (.data)

.rel.dyn        0x080076bc        0x0
 .rel.iplt      0x080076bc        0x0 C:/ST/STM32CubeIDE_1.16.1/STM32CubeIDE/plugins/com.st.stm32cube.ide.mcu.externaltools.gnu-tools-for-stm32.12.3.rel1.win32_1.0.200.202406191623/tools/bin/../lib/gcc/arm-none-eabi/12.3.1/thumb/v7e-m+fp/hard/crtbegin.o

.data           0x20000000       0xdc load address 0x080076bc
                0x20000000                        . = ALIGN (0x4)
                0x20000000                        _sdata = .
 *(.data)
 *(.data*)
 .data.SystemCoreClock
                0x20000000        0x4 ./Core/Src/system_stm32f4xx.o
                0x20000000                SystemCoreClock
 .data.uwTickPrio
                0x20000004        0x4 ./Drivers/STM32F4xx_HAL_Driver/stm32f4xx_hal.o
                0x20000004                uwTickPrio
 .data.uwTickFreq
                0x20000008        0x1 ./Drivers/STM32F4xx_HAL_Driver/stm32f4xx_hal.o
                0x20000008                uwTickFreq
 *fill*         0x20000009        0x3 
 .data.USBD_DFU
                0x2000000c       0x3c ./Middlewares/USB_Device_Library/usbd_dfu.o
                0x2000000c                USBD_DFU
 .data.USBD_DFU_CfgDesc
                0x20000048       0x1b ./Middlewares/USB_Device_Library/usbd_dfu.o
 *fill*         0x20000063        0x1 
 .data.USBD_DFU_DeviceQualifierDesc
                0x20000064        0xa ./Middlewares/USB_Device_Library/usbd_dfu.o
 *fill*         0x2000006e        0x2 
 .data.FS_Desc  0x20000070       0x1c ./USB_DEVICE/App/usbd_desc.o
                0x20000070                FS_Desc
 .data.USBD_FS_DeviceDesc
                0x2000008c       0x12 ./USB_DEVICE/App/usbd_desc.o
                0x2000008c                USBD_FS_DeviceDesc
 *fill*         0x2000009e        0x2 
 .data.USBD_LangIDDesc
                0x200000a0        0x4 ./USB_DEVICE/App/usbd_desc.o
                0x200000a0                USBD_LangIDDesc
 .data.USBD_StringSerial
                0x200000a4       0x1a ./USB_DEVICE/App/usbd_desc.o
                0x200000a4                USBD_StringSerial
 *fill*         0x200000be        0x2 
 .data.USBD_DFU_fops_FS
                0x200000c0       0x1c ./USB_DEVICE/App/usbd_dfu_if.o
                0x200000c0                USBD_DFU_fops_FS
 *(.RamFunc)
 *(.RamFunc*)
                0x200000dc                        . = ALIGN (0x4)
                0x200000dc                        _edata = .
                0x08007798                        _siccmram = LOADADDR (.ccmram)

.igot.plt       0x200000dc        0x0 load address 0x08007798
 .igot.plt      0x200000dc        0x0 C:/ST/STM32CubeIDE_1.16.1/STM32CubeIDE/plugins/com.st.stm32cube.ide.mcu.externaltools.gnu-tools-for-stm32.12.3.rel1.win32_1.0.200.202406191623/tools/bin/../lib/gcc/arm-none-eabi/12.3.1/thumb/v7e-m+fp/hard/crtbegin.o

.ccmram         0x10000000        0x0 load address 0x08007798
                0x10000000                        . = ALIGN (0x4)
                0x10000000                        _sccmram = .
 *(.ccmram)
 *(.ccmram*)
                0x10000000                        . = ALIGN (0x4)
                0x10000000                        _eccmram = .
                0x10000000                        . = ALIGN (0x4)

.bss            0x200000dc      0xf30
                0x200000dc                        _sbss = .
                0x200000dc                        __bss_start__ = _sbss
 *(.bss)
 .bss           0x200000dc       0x1c C:/ST/STM32CubeIDE_1.16.1/STM32CubeIDE/plugins/com.st.stm32cube.ide.mcu.externaltools.gnu-tools-for-stm32.12.3.rel1.win32_1.0.200.202406191623/tools/bin/../lib/gcc/arm-none-eabi/12.3.1/thumb/v7e-m+fp/hard/crtbegin.o
 *(.bss*)
 .bss.JumpToApplication
                0x200000f8        0x4 ./Core/Src/main.o
                0x200000f8                JumpToApplication
 .bss.JumpAddress
                0x200000fc        0x4 ./Core/Src/main.o
                0x200000fc                JumpAddress
 .bss.uwTick    0x20000100        0x4 ./Drivers/STM32F4xx_HAL_Driver/stm32f4xx_hal.o
                0x20000100                uwTick
 .bss.pFlash    0x20000104       0x20 ./Drivers/STM32F4xx_HAL_Driver/stm32f4xx_hal_flash.o
                0x20000104                pFlash
 .bss.cfgidx.0  0x20000124        0x1 ./Middlewares/USB_Device_Library/usbd_ctlreq.o
 *fill*         0x20000125        0x3 
 .bss.USBD_StrDesc.0
                0x20000128       0xff ./Middlewares/USB_Device_Library/usbd_dfu.o
 *fill*         0x20000227        0x1 
 .bss.hUsbDeviceFS
                0x20000228      0x2dc ./USB_DEVICE/App/usb_device.o
                0x20000228                hUsbDeviceFS
 .bss.USBD_StrDesc
                0x20000504      0x200 ./USB_DEVICE/App/usbd_desc.o
                0x20000504                USBD_StrDesc
 .bss.hpcd_USB_OTG_FS
                0x20000704      0x4e4 ./USB_DEVICE/Target/usbd_conf.o
                0x20000704                hpcd_USB_OTG_FS
 .bss.mem.0     0x20000be8      0x424 ./USB_DEVICE/Target/usbd_conf.o
 *(COMMON)
                0x2000100c                        . = ALIGN (0x4)
                0x2000100c                        _ebss = .
                0x2000100c                        __bss_end__ = _ebss

._user_heap_stack
                0x2000100c      0x604
                0x20001010                        . = ALIGN (0x8)
 *fill*         0x2000100c        0x4 
                [!provide]                        PROVIDE (end = .)
                0x20001010                        PROVIDE (_end = .)
                0x20001210                        . = (. + _Min_Heap_Size)
 *fill*         0x20001010      0x200 
                0x20001610                        . = (. + _Min_Stack_Size)
 *fill*         0x20001210      0x400 
                0x20001610                        . = ALIGN (0x8)

/DISCARD/
 libc.a(*)
 libm.a(*)
 libgcc.a(*)

.ARM.attributes
                0x00000000       0x30
 *(.ARM.attributes)
 .ARM.attributes
                0x00000000       0x22 C:/ST/STM32CubeIDE_1.16.1/STM32CubeIDE/plugins/com.st.stm32cube.ide.mcu.externaltools.gnu-tools-for-stm32.12.3.rel1.win32_1.0.200.202406191623/tools/bin/../lib/gcc/arm-none-eabi/12.3.1/thumb/v7e-m+fp/hard/crti.o
 .ARM.attributes
                0x00000022       0x34 C:/ST/STM32CubeIDE_1.16.1/STM32CubeIDE/plugins/com.st.stm32cube.ide.mcu.externaltools.gnu-tools-for-stm32.12.3.rel1.win32_1.0.200.202406191623/tools/bin/../lib/gcc/arm-none-eabi/12.3.1/thumb/v7e-m+fp/hard/crtbegin.o
 .ARM.attributes
                0x00000056       0x34 ./Core/Src/main.o
 .ARM.attributes
                0x0000008a       0x34 ./Core/Src/stm32f4xx_hal_msp.o
 .ARM.attributes
                0x000000be       0x34 ./Core/Src/stm32f4xx_it.o
 .ARM.attributes
                0x000000f2       0x34 ./Core/Src/system_stm32f4xx.o
 .ARM.attributes
                0x00000126       0x21 ./Core/Startup/startup_stm32f405rgtx.o
 .ARM.attributes
                0x00000147       0x34 ./Drivers/STM32F4xx_HAL_Driver/stm32f4xx_hal.o
 .ARM.attributes
                0x0000017b       0x34 ./Drivers/STM32F4xx_HAL_Driver/stm32f4xx_hal_cortex.o
 .ARM.attributes
                0x000001af       0x34 ./Drivers/STM32F4xx_HAL_Driver/stm32f4xx_hal_flash.o
 .ARM.attributes
                0x000001e3       0x34 ./Drivers/STM32F4xx_HAL_Driver/stm32f4xx_hal_flash_ex.o
 .ARM.attributes
                0x00000217       0x34 ./Drivers/STM32F4xx_HAL_Driver/stm32f4xx_hal_gpio.o
 .ARM.attributes
                0x0000024b       0x34 ./Drivers/STM32F4xx_HAL_Driver/stm32f4xx_hal_pcd.o
 .ARM.attributes
                0x0000027f       0x34 ./Drivers/STM32F4xx_HAL_Driver/stm32f4xx_hal_pcd_ex.o
 .ARM.attributes
                0x000002b3       0x34 ./Drivers/STM32F4xx_HAL_Driver/stm32f4xx_hal_rcc.o
 .ARM.attributes
                0x000002e7       0x34 ./Drivers/STM32F4xx_HAL_Driver/stm32f4xx_ll_usb.o
 .ARM.attributes
                0x0000031b       0x34 ./Middlewares/USB_Device_Library/usbd_core.o
 .ARM.attributes
                0x0000034f       0x34 ./Middlewares/USB_Device_Library/usbd_ctlreq.o
 .ARM.attributes
                0x00000383       0x34 ./Middlewares/USB_Device_Library/usbd_dfu.o
 .ARM.attributes
                0x000003b7       0x34 ./Middlewares/USB_Device_Library/usbd_ioreq.o
 .ARM.attributes
                0x000003eb       0x34 ./USB_DEVICE/App/usb_device.o
 .ARM.attributes
                0x0000041f       0x34 ./USB_DEVICE/App/usbd_desc.o
 .ARM.attributes
                0x00000453       0x34 ./USB_DEVICE/App/usbd_dfu_if.o
 .ARM.attributes
                0x00000487       0x34 ./USB_DEVICE/Target/usbd_conf.o
 .ARM.attributes
                0x000004bb       0x34 C:/ST/STM32CubeIDE_1.16.1/STM32CubeIDE/plugins/com.st.stm32cube.ide.mcu.externaltools.gnu-tools-for-stm32.12.3.rel1.win32_1.0.200.202406191623/tools/bin/../lib/gcc/arm-none-eabi/12.3.1/../../../../arm-none-eabi/lib/thumb/v7e-m+fp/hard\libc_nano.a(libc_a-memset.o)
 .ARM.attributes
                0x000004ef       0x34 C:/ST/STM32CubeIDE_1.16.1/STM32CubeIDE/plugins/com.st.stm32cube.ide.mcu.externaltools.gnu-tools-for-stm32.12.3.rel1.win32_1.0.200.202406191623/tools/bin/../lib/gcc/arm-none-eabi/12.3.1/../../../../arm-none-eabi/lib/thumb/v7e-m+fp/hard\libc_nano.a(libc_a-init.o)
 .ARM.attributes
                0x00000523       0x22 C:/ST/STM32CubeIDE_1.16.1/STM32CubeIDE/plugins/com.st.stm32cube.ide.mcu.externaltools.gnu-tools-for-stm32.12.3.rel1.win32_1.0.200.202406191623/tools/bin/../lib/gcc/arm-none-eabi/12.3.1/thumb/v7e-m+fp/hard\libgcc.a(_aeabi_uldivmod.o)
 .ARM.attributes
                0x00000545       0x34 C:/ST/STM32CubeIDE_1.16.1/STM32CubeIDE/plugins/com.st.stm32cube.ide.mcu.externaltools.gnu-tools-for-stm32.12.3.rel1.win32_1.0.200.202406191623/tools/bin/../lib/gcc/arm-none-eabi/12.3.1/thumb/v7e-m+fp/hard\libgcc.a(_udivmoddi4.o)
 .ARM.attributes
                0x00000579       0x22 C:/ST/STM32CubeIDE_1.16.1/STM32CubeIDE/plugins/com.st.stm32cube.ide.mcu.externaltools.gnu-tools-for-stm32.12.3.rel1.win32_1.0.200.202406191623/tools/bin/../lib/gcc/arm-none-eabi/12.3.1/thumb/v7e-m+fp/hard\libgcc.a(_dvmd_tls.o)
 .ARM.attributes
                0x0000059b       0x22 C:/ST/STM32CubeIDE_1.16.1/STM32CubeIDE/plugins/com.st.stm32cube.ide.mcu.externaltools.gnu-tools-for-stm32.12.3.rel1.win32_1.0.200.202406191623/tools/bin/../lib/gcc/arm-none-eabi/12.3.1/thumb/v7e-m+fp/hard/crtn.o
OUTPUT(bootloader.elf elf32-littlearm)
LOAD linker stubs
LOAD C:/ST/STM32CubeIDE_1.16.1/STM32CubeIDE/plugins/com.st.stm32cube.ide.mcu.externaltools.gnu-tools-for-stm32.12.3.rel1.win32_1.0.200.202406191623/tools/bin/../lib/gcc/arm-none-eabi/12.3.1/../../../../arm-none-eabi/lib/thumb/v7e-m+fp/hard\libc.a
LOAD C:/ST/STM32CubeIDE_1.16.1/STM32CubeIDE/plugins/com.st.stm32cube.ide.mcu.externaltools.gnu-tools-for-stm32.12.3.rel1.win32_1.0.200.202406191623/tools/bin/../lib/gcc/arm-none-eabi/12.3.1/../../../../arm-none-eabi/lib/thumb/v7e-m+fp/hard\libm.a
LOAD C:/ST/STM32CubeIDE_1.16.1/STM32CubeIDE/plugins/com.st.stm32cube.ide.mcu.externaltools.gnu-tools-for-stm32.12.3.rel1.win32_1.0.200.202406191623/tools/bin/../lib/gcc/arm-none-eabi/12.3.1/thumb/v7e-m+fp/hard\libgcc.a

.debug_info     0x00000000     0xdcd7
 .debug_info    0x00000000      0x748 ./Core/Src/main.o
 .debug_info    0x00000748      0x269 ./Core/Src/stm32f4xx_hal_msp.o
 .debug_info    0x000009b1      0x627 ./Core/Src/stm32f4xx_it.o
 .debug_info    0x00000fd8      0x512 ./Core/Src/system_stm32f4xx.o
 .debug_info    0x000014ea       0x30 ./Core/Startup/startup_stm32f405rgtx.o
 .debug_info    0x0000151a      0x932 ./Drivers/STM32F4xx_HAL_Driver/stm32f4xx_hal.o
 .debug_info    0x00001e4c      0xd7a ./Drivers/STM32F4xx_HAL_Driver/stm32f4xx_hal_cortex.o
 .debug_info    0x00002bc6      0x57d ./Drivers/STM32F4xx_HAL_Driver/stm32f4xx_hal_flash.o
 .debug_info    0x00003143      0x67f ./Drivers/STM32F4xx_HAL_Driver/stm32f4xx_hal_flash_ex.o
 .debug_info    0x000037c2      0x6c3 ./Drivers/STM32F4xx_HAL_Driver/stm32f4xx_hal_gpio.o
 .debug_info    0x00003e85     0x156f ./Drivers/STM32F4xx_HAL_Driver/stm32f4xx_hal_pcd.o
 .debug_info    0x000053f4      0x6ea ./Drivers/STM32F4xx_HAL_Driver/stm32f4xx_hal_pcd_ex.o
 .debug_info    0x00005ade      0x8af ./Drivers/STM32F4xx_HAL_Driver/stm32f4xx_hal_rcc.o
 .debug_info    0x0000638d     0x1993 ./Drivers/STM32F4xx_HAL_Driver/stm32f4xx_ll_usb.o
 .debug_info    0x00007d20      0xe30 ./Middlewares/USB_Device_Library/usbd_core.o
 .debug_info    0x00008b50      0xb1e ./Middlewares/USB_Device_Library/usbd_ctlreq.o
 .debug_info    0x0000966e     0x11fa ./Middlewares/USB_Device_Library/usbd_dfu.o
 .debug_info    0x0000a868      0x780 ./Middlewares/USB_Device_Library/usbd_ioreq.o
 .debug_info    0x0000afe8      0x757 ./USB_DEVICE/App/usb_device.o
 .debug_info    0x0000b73f      0x458 ./USB_DEVICE/App/usbd_desc.o
 .debug_info    0x0000bb97      0x4bc ./USB_DEVICE/App/usbd_dfu_if.o
 .debug_info    0x0000c053     0x1c84 ./USB_DEVICE/Target/usbd_conf.o

.debug_abbrev   0x00000000     0x2ea8
 .debug_abbrev  0x00000000      0x294 ./Core/Src/main.o
 .debug_abbrev  0x00000294       0xd8 ./Core/Src/stm32f4xx_hal_msp.o
 .debug_abbrev  0x0000036c      0x1a4 ./Core/Src/stm32f4xx_it.o
 .debug_abbrev  0x00000510      0x11a ./Core/Src/system_stm32f4xx.o
 .debug_abbrev  0x0000062a       0x24 ./Core/Startup/startup_stm32f405rgtx.o
 .debug_abbrev  0x0000064e      0x214 ./Drivers/STM32F4xx_HAL_Driver/stm32f4xx_hal.o
 .debug_abbrev  0x00000862      0x31d ./Drivers/STM32F4xx_HAL_Driver/stm32f4xx_hal_cortex.o
 .debug_abbrev  0x00000b7f      0x28c ./Drivers/STM32F4xx_HAL_Driver/stm32f4xx_hal_flash.o
 .debug_abbrev  0x00000e0b      0x249 ./Drivers/STM32F4xx_HAL_Driver/stm32f4xx_hal_flash_ex.o
 .debug_abbrev  0x00001054      0x1d4 ./Drivers/STM32F4xx_HAL_Driver/stm32f4xx_hal_gpio.o
 .debug_abbrev  0x00001228      0x2b9 ./Drivers/STM32F4xx_HAL_Driver/stm32f4xx_hal_pcd.o
 .debug_abbrev  0x000014e1      0x1da ./Drivers/STM32F4xx_HAL_Driver/stm32f4xx_hal_pcd_ex.o
 .debug_abbrev  0x000016bb      0x2b7 ./Drivers/STM32F4xx_HAL_Driver/stm32f4xx_hal_rcc.o
 .debug_abbrev  0x00001972      0x2b3 ./Drivers/STM32F4xx_HAL_Driver/stm32f4xx_ll_usb.o
 .debug_abbrev  0x00001c25      0x27c ./Middlewares/USB_Device_Library/usbd_core.o
 .debug_abbrev  0x00001ea1      0x276 ./Middlewares/USB_Device_Library/usbd_ctlreq.o
 .debug_abbrev  0x00002117      0x33c ./Middlewares/USB_Device_Library/usbd_dfu.o
 .debug_abbrev  0x00002453      0x19a ./Middlewares/USB_Device_Library/usbd_ioreq.o
 .debug_abbrev  0x000025ed      0x1ab ./USB_DEVICE/App/usb_device.o
 .debug_abbrev  0x00002798      0x1e1 ./USB_DEVICE/App/usbd_desc.o
 .debug_abbrev  0x00002979      0x1e7 ./USB_DEVICE/App/usbd_dfu_if.o
 .debug_abbrev  0x00002b60      0x348 ./USB_DEVICE/Target/usbd_conf.o

.debug_aranges  0x00000000      0xcb0
 .debug_aranges
                0x00000000       0x38 ./Core/Src/main.o
 .debug_aranges
                0x00000038       0x20 ./Core/Src/stm32f4xx_hal_msp.o
 .debug_aranges
                0x00000058       0x68 ./Core/Src/stm32f4xx_it.o
 .debug_aranges
                0x000000c0       0x28 ./Core/Src/system_stm32f4xx.o
 .debug_aranges
                0x000000e8       0x28 ./Core/Startup/startup_stm32f405rgtx.o
 .debug_aranges
                0x00000110       0xf0 ./Drivers/STM32F4xx_HAL_Driver/stm32f4xx_hal.o
 .debug_aranges
                0x00000200      0x130 ./Drivers/STM32F4xx_HAL_Driver/stm32f4xx_hal_cortex.o
 .debug_aranges
                0x00000330       0xa0 ./Drivers/STM32F4xx_HAL_Driver/stm32f4xx_hal_flash.o
 .debug_aranges
                0x000003d0       0x98 ./Drivers/STM32F4xx_HAL_Driver/stm32f4xx_hal_flash_ex.o
 .debug_aranges
                0x00000468       0x58 ./Drivers/STM32F4xx_HAL_Driver/stm32f4xx_hal_gpio.o
 .debug_aranges
                0x000004c0      0x148 ./Drivers/STM32F4xx_HAL_Driver/stm32f4xx_hal_pcd.o
 .debug_aranges
                0x00000608       0x38 ./Drivers/STM32F4xx_HAL_Driver/stm32f4xx_hal_pcd_ex.o
 .debug_aranges
                0x00000640       0x88 ./Drivers/STM32F4xx_HAL_Driver/stm32f4xx_hal_rcc.o
 .debug_aranges
                0x000006c8      0x1a0 ./Drivers/STM32F4xx_HAL_Driver/stm32f4xx_ll_usb.o
 .debug_aranges
                0x00000868       0xd8 ./Middlewares/USB_Device_Library/usbd_core.o
 .debug_aranges
                0x00000940       0x90 ./Middlewares/USB_Device_Library/usbd_ctlreq.o
 .debug_aranges
                0x000009d0       0xb8 ./Middlewares/USB_Device_Library/usbd_dfu.o
 .debug_aranges
                0x00000a88       0x50 ./Middlewares/USB_Device_Library/usbd_ioreq.o
 .debug_aranges
                0x00000ad8       0x20 ./USB_DEVICE/App/usb_device.o
 .debug_aranges
                0x00000af8       0x60 ./USB_DEVICE/App/usbd_desc.o
 .debug_aranges
                0x00000b58       0x48 ./USB_DEVICE/App/usbd_dfu_if.o
 .debug_aranges
                0x00000ba0      0x110 ./USB_DEVICE/Target/usbd_conf.o

.debug_rnglists
                0x00000000      0x96d
 .debug_rnglists
                0x00000000       0x27 ./Core/Src/main.o
 .debug_rnglists
                0x00000027       0x13 ./Core/Src/stm32f4xx_hal_msp.o
 .debug_rnglists
                0x0000003a       0x49 ./Core/Src/stm32f4xx_it.o
 .debug_rnglists
                0x00000083       0x1a ./Core/Src/system_stm32f4xx.o
 .debug_rnglists
                0x0000009d       0x19 ./Core/Startup/startup_stm32f405rgtx.o
 .debug_rnglists
                0x000000b6       0xaf ./Drivers/STM32F4xx_HAL_Driver/stm32f4xx_hal.o
 .debug_rnglists
                0x00000165       0xe0 ./Drivers/STM32F4xx_HAL_Driver/stm32f4xx_hal_cortex.o
 .debug_rnglists
                0x00000245       0x78 ./Drivers/STM32F4xx_HAL_Driver/stm32f4xx_hal_flash.o
 .debug_rnglists
                0x000002bd       0x72 ./Drivers/STM32F4xx_HAL_Driver/stm32f4xx_hal_flash_ex.o
 .debug_rnglists
                0x0000032f       0x3f ./Drivers/STM32F4xx_HAL_Driver/stm32f4xx_hal_gpio.o
 .debug_rnglists
                0x0000036e       0xfa ./Drivers/STM32F4xx_HAL_Driver/stm32f4xx_hal_pcd.o
 .debug_rnglists
                0x00000468       0x26 ./Drivers/STM32F4xx_HAL_Driver/stm32f4xx_hal_pcd_ex.o
 .debug_rnglists
                0x0000048e       0x66 ./Drivers/STM32F4xx_HAL_Driver/stm32f4xx_hal_rcc.o
 .debug_rnglists
                0x000004f4      0x147 ./Drivers/STM32F4xx_HAL_Driver/stm32f4xx_ll_usb.o
 .debug_rnglists
                0x0000063b       0xa1 ./Middlewares/USB_Device_Library/usbd_core.o
 .debug_rnglists
                0x000006dc       0x7a ./Middlewares/USB_Device_Library/usbd_ctlreq.o
 .debug_rnglists
                0x00000756       0x90 ./Middlewares/USB_Device_Library/usbd_dfu.o
 .debug_rnglists
                0x000007e6       0x37 ./Middlewares/USB_Device_Library/usbd_ioreq.o
 .debug_rnglists
                0x0000081d       0x13 ./USB_DEVICE/App/usb_device.o
 .debug_rnglists
                0x00000830       0x43 ./USB_DEVICE/App/usbd_desc.o
 .debug_rnglists
                0x00000873       0x31 ./USB_DEVICE/App/usbd_dfu_if.o
 .debug_rnglists
                0x000008a4       0xc9 ./USB_DEVICE/Target/usbd_conf.o

.debug_macro    0x00000000    0x20e29
 .debug_macro   0x00000000      0x359 ./Core/Src/main.o
 .debug_macro   0x00000359      0xab4 ./Core/Src/main.o
 .debug_macro   0x00000e0d      0x295 ./Core/Src/main.o
 .debug_macro   0x000010a2       0x2e ./Core/Src/main.o
 .debug_macro   0x000010d0       0x2f ./Core/Src/main.o
 .debug_macro   0x000010ff       0x22 ./Core/Src/main.o
 .debug_macro   0x00001121       0x8e ./Core/Src/main.o
 .debug_macro   0x000011af       0x51 ./Core/Src/main.o
 .debug_macro   0x00001200      0x103 ./Core/Src/main.o
 .debug_macro   0x00001303       0x6a ./Core/Src/main.o
 .debug_macro   0x0000136d      0x1df ./Core/Src/main.o
 .debug_macro   0x0000154c       0x1c ./Core/Src/main.o
 .debug_macro   0x00001568       0x22 ./Core/Src/main.o
 .debug_macro   0x0000158a       0xfb ./Core/Src/main.o
 .debug_macro   0x00001685     0x1011 ./Core/Src/main.o
 .debug_macro   0x00002696      0x11f ./Core/Src/main.o
 .debug_macro   0x000027b5    0x1426d ./Core/Src/main.o
 .debug_macro   0x00016a22       0x6d ./Core/Src/main.o
 .debug_macro   0x00016a8f     0x369a ./Core/Src/main.o
 .debug_macro   0x0001a129      0x189 ./Core/Src/main.o
 .debug_macro   0x0001a2b2       0x5c ./Core/Src/main.o
 .debug_macro   0x0001a30e      0x8bc ./Core/Src/main.o
 .debug_macro   0x0001abca      0x9e9 ./Core/Src/main.o
 .debug_macro   0x0001b5b3      0x115 ./Core/Src/main.o
 .debug_macro   0x0001b6c8      0x130 ./Core/Src/main.o
 .debug_macro   0x0001b7f8       0xa5 ./Core/Src/main.o
 .debug_macro   0x0001b89d      0x174 ./Core/Src/main.o
 .debug_macro   0x0001ba11      0x287 ./Core/Src/main.o
 .debug_macro   0x0001bc98       0x5f ./Core/Src/main.o
 .debug_macro   0x0001bcf7      0x236 ./Core/Src/main.o
 .debug_macro   0x0001bf2d      0x12c ./Core/Src/main.o
 .debug_macro   0x0001c059      0x21e ./Core/Src/main.o
 .debug_macro   0x0001c277       0x2e ./Core/Src/main.o
 .debug_macro   0x0001c2a5      0x127 ./Core/Src/main.o
 .debug_macro   0x0001c3cc       0x7e ./Core/Src/main.o
 .debug_macro   0x0001c44a       0x89 ./Core/Src/main.o
 .debug_macro   0x0001c4d3      0x293 ./Core/Src/main.o
 .debug_macro   0x0001c766       0xba ./Core/Src/main.o
 .debug_macro   0x0001c820      0x12d ./Core/Src/main.o
 .debug_macro   0x0001c94d       0x34 ./Core/Src/main.o
 .debug_macro   0x0001c981       0x61 ./Core/Src/main.o
 .debug_macro   0x0001c9e2       0x2a ./Core/Src/main.o
 .debug_macro   0x0001ca0c       0x43 ./Core/Src/main.o
 .debug_macro   0x0001ca4f       0x34 ./Core/Src/main.o
 .debug_macro   0x0001ca83       0x16 ./Core/Src/main.o
 .debug_macro   0x0001ca99       0x35 ./Core/Src/main.o
 .debug_macro   0x0001cace      0x369 ./Core/Src/main.o
 .debug_macro   0x0001ce37       0x10 ./Core/Src/main.o
 .debug_macro   0x0001ce47       0x16 ./Core/Src/main.o
 .debug_macro   0x0001ce5d       0x43 ./Core/Src/main.o
 .debug_macro   0x0001cea0       0x34 ./Core/Src/main.o
 .debug_macro   0x0001ced4       0x10 ./Core/Src/main.o
 .debug_macro   0x0001cee4       0x58 ./Core/Src/main.o
 .debug_macro   0x0001cf3c       0x8e ./Core/Src/main.o
 .debug_macro   0x0001cfca       0x1c ./Core/Src/main.o
 .debug_macro   0x0001cfe6      0x177 ./Core/Src/main.o
 .debug_macro   0x0001d15d       0x16 ./Core/Src/main.o
 .debug_macro   0x0001d173       0x16 ./Core/Src/main.o
 .debug_macro   0x0001d189      0x146 ./Core/Src/main.o
 .debug_macro   0x0001d2cf       0x16 ./Core/Src/main.o
 .debug_macro   0x0001d2e5       0x16 ./Core/Src/main.o
 .debug_macro   0x0001d2fb       0x29 ./Core/Src/main.o
 .debug_macro   0x0001d324       0x16 ./Core/Src/main.o
 .debug_macro   0x0001d33a       0x20 ./Core/Src/main.o
 .debug_macro   0x0001d35a       0x7e ./Core/Src/main.o
 .debug_macro   0x0001d3d8      0x209 ./Core/Src/main.o
 .debug_macro   0x0001d5e1      0x1e3 ./Core/Src/stm32f4xx_hal_msp.o
 .debug_macro   0x0001d7c4      0x1ed ./Core/Src/stm32f4xx_it.o
 .debug_macro   0x0001d9b1      0x1d4 ./Core/Src/system_stm32f4xx.o
 .debug_macro   0x0001db85      0x234 ./Drivers/STM32F4xx_HAL_Driver/stm32f4xx_hal.o
 .debug_macro   0x0001ddb9      0x1d4 ./Drivers/STM32F4xx_HAL_Driver/stm32f4xx_hal_cortex.o
 .debug_macro   0x0001df8d      0x1da ./Drivers/STM32F4xx_HAL_Driver/stm32f4xx_hal_flash.o
 .debug_macro   0x0001e167      0x1da ./Drivers/STM32F4xx_HAL_Driver/stm32f4xx_hal_flash_ex.o
 .debug_macro   0x0001e341      0x1da ./Drivers/STM32F4xx_HAL_Driver/stm32f4xx_hal_gpio.o
 .debug_macro   0x0001e51b      0x1e0 ./Drivers/STM32F4xx_HAL_Driver/stm32f4xx_hal_pcd.o
 .debug_macro   0x0001e6fb      0x1d4 ./Drivers/STM32F4xx_HAL_Driver/stm32f4xx_hal_pcd_ex.o
 .debug_macro   0x0001e8cf      0x1f8 ./Drivers/STM32F4xx_HAL_Driver/stm32f4xx_hal_rcc.o
 .debug_macro   0x0001eac7      0x1d4 ./Drivers/STM32F4xx_HAL_Driver/stm32f4xx_ll_usb.o
 .debug_macro   0x0001ec9b      0x359 ./Middlewares/USB_Device_Library/usbd_core.o
 .debug_macro   0x0001eff4       0x9e ./Middlewares/USB_Device_Library/usbd_core.o
 .debug_macro   0x0001f092      0x10b ./Middlewares/USB_Device_Library/usbd_core.o
 .debug_macro   0x0001f19d       0x56 ./Middlewares/USB_Device_Library/usbd_core.o
 .debug_macro   0x0001f1f3      0x20f ./Middlewares/USB_Device_Library/usbd_core.o
 .debug_macro   0x0001f402      0x363 ./Middlewares/USB_Device_Library/usbd_ctlreq.o
 .debug_macro   0x0001f765      0x372 ./Middlewares/USB_Device_Library/usbd_dfu.o
 .debug_macro   0x0001fad7      0x140 ./Middlewares/USB_Device_Library/usbd_dfu.o
 .debug_macro   0x0001fc17      0x35f ./Middlewares/USB_Device_Library/usbd_ioreq.o
 .debug_macro   0x0001ff76      0x393 ./USB_DEVICE/App/usb_device.o
 .debug_macro   0x00020309       0x3a ./USB_DEVICE/App/usb_device.o
 .debug_macro   0x00020343       0x22 ./USB_DEVICE/App/usb_device.o
 .debug_macro   0x00020365      0x39c ./USB_DEVICE/App/usbd_desc.o
 .debug_macro   0x00020701       0x1c ./USB_DEVICE/App/usbd_desc.o
 .debug_macro   0x0002071d      0x396 ./USB_DEVICE/App/usbd_dfu_if.o
 .debug_macro   0x00020ab3      0x376 ./USB_DEVICE/Target/usbd_conf.o

.debug_line     0x00000000    0x128f2
 .debug_line    0x00000000      0xb82 ./Core/Src/main.o
 .debug_line    0x00000b82      0x831 ./Core/Src/stm32f4xx_hal_msp.o
 .debug_line    0x000013b3      0x90b ./Core/Src/stm32f4xx_it.o
 .debug_line    0x00001cbe      0x8b5 ./Core/Src/system_stm32f4xx.o
 .debug_line    0x00002573       0x7a ./Core/Startup/startup_stm32f405rgtx.o
 .debug_line    0x000025ed      0xb57 ./Drivers/STM32F4xx_HAL_Driver/stm32f4xx_hal.o
 .debug_line    0x00003144      0xe49 ./Drivers/STM32F4xx_HAL_Driver/stm32f4xx_hal_cortex.o
 .debug_line    0x00003f8d      0xc0b ./Drivers/STM32F4xx_HAL_Driver/stm32f4xx_hal_flash.o
 .debug_line    0x00004b98      0xc0e ./Drivers/STM32F4xx_HAL_Driver/stm32f4xx_hal_flash_ex.o
 .debug_line    0x000057a6      0xce3 ./Drivers/STM32F4xx_HAL_Driver/stm32f4xx_hal_gpio.o
 .debug_line    0x00006489     0x1640 ./Drivers/STM32F4xx_HAL_Driver/stm32f4xx_hal_pcd.o
 .debug_line    0x00007ac9      0x934 ./Drivers/STM32F4xx_HAL_Driver/stm32f4xx_hal_pcd_ex.o
 .debug_line    0x000083fd      0xee0 ./Drivers/STM32F4xx_HAL_Driver/stm32f4xx_hal_rcc.o
 .debug_line    0x000092dd     0x1f32 ./Drivers/STM32F4xx_HAL_Driver/stm32f4xx_ll_usb.o
 .debug_line    0x0000b20f     0x10a2 ./Middlewares/USB_Device_Library/usbd_core.o
 .debug_line    0x0000c2b1     0x12f6 ./Middlewares/USB_Device_Library/usbd_ctlreq.o
 .debug_line    0x0000d5a7     0x1414 ./Middlewares/USB_Device_Library/usbd_dfu.o
 .debug_line    0x0000e9bb      0xbbc ./Middlewares/USB_Device_Library/usbd_ioreq.o
 .debug_line    0x0000f577      0xb78 ./USB_DEVICE/App/usb_device.o
 .debug_line    0x000100ef      0xc08 ./USB_DEVICE/App/usbd_desc.o
 .debug_line    0x00010cf7      0xc9a ./USB_DEVICE/App/usbd_dfu_if.o
 .debug_line    0x00011991      0xf61 ./USB_DEVICE/Target/usbd_conf.o

.debug_str      0x00000000    0xb9f94
 .debug_str     0x00000000    0xb59e9 ./Core/Src/main.o
                              0xb5cde (size before relaxing)
 .debug_str     0x000b59e9       0x2c ./Core/Src/stm32f4xx_hal_msp.o
                              0xb16d4 (size before relaxing)
 .debug_str     0x000b5a15      0x491 ./Core/Src/stm32f4xx_it.o
                              0xb1a8d (size before relaxing)
 .debug_str     0x000b5ea6      0x11a ./Core/Src/system_stm32f4xx.o
                              0xb1698 (size before relaxing)
 .debug_str     0x000b5fc0       0x44 ./Core/Startup/startup_stm32f405rgtx.o
                                 0x83 (size before relaxing)
 .debug_str     0x000b6004      0xb15 ./Drivers/STM32F4xx_HAL_Driver/stm32f4xx_hal.o
                              0xb2234 (size before relaxing)
 .debug_str     0x000b6b19      0x3d7 ./Drivers/STM32F4xx_HAL_Driver/stm32f4xx_hal_cortex.o
                              0xb1fb0 (size before relaxing)
 .debug_str     0x000b6ef0      0x307 ./Drivers/STM32F4xx_HAL_Driver/stm32f4xx_hal_flash.o
                              0xb18c1 (size before relaxing)
 .debug_str     0x000b71f7      0x26c ./Drivers/STM32F4xx_HAL_Driver/stm32f4xx_hal_flash_ex.o
                              0xb1911 (size before relaxing)
 .debug_str     0x000b7463      0x159 ./Drivers/STM32F4xx_HAL_Driver/stm32f4xx_hal_gpio.o
                              0xb184c (size before relaxing)
 .debug_str     0x000b75bc      0x86a ./Drivers/STM32F4xx_HAL_Driver/stm32f4xx_hal_pcd.o
                              0xb21af (size before relaxing)
 .debug_str     0x000b7e26      0x14e ./Drivers/STM32F4xx_HAL_Driver/stm32f4xx_hal_pcd_ex.o
                              0xb1a9f (size before relaxing)
 .debug_str     0x000b7f74      0x24d ./Drivers/STM32F4xx_HAL_Driver/stm32f4xx_hal_rcc.o
                              0xb1b05 (size before relaxing)
 .debug_str     0x000b81c1      0x4f2 ./Drivers/STM32F4xx_HAL_Driver/stm32f4xx_ll_usb.o
                              0xb208a (size before relaxing)
 .debug_str     0x000b86b3      0x80d ./Middlewares/USB_Device_Library/usbd_core.o
                              0xb6151 (size before relaxing)
 .debug_str     0x000b8ec0      0x191 ./Middlewares/USB_Device_Library/usbd_ctlreq.o
                              0xb5f7c (size before relaxing)
 .debug_str     0x000b9051      0x971 ./Middlewares/USB_Device_Library/usbd_dfu.o
                              0xb685f (size before relaxing)
 .debug_str     0x000b99c2       0xb1 ./Middlewares/USB_Device_Library/usbd_ioreq.o
                              0xb5e51 (size before relaxing)
 .debug_str     0x000b9a73       0xd3 ./USB_DEVICE/App/usb_device.o
                              0xb646b (size before relaxing)
 .debug_str     0x000b9b46      0x26a ./USB_DEVICE/App/usbd_desc.o
                              0xb5d0d (size before relaxing)
 .debug_str     0x000b9db0      0x161 ./USB_DEVICE/App/usbd_dfu_if.o
                              0xb61ac (size before relaxing)
 .debug_str     0x000b9f11       0x83 ./USB_DEVICE/Target/usbd_conf.o
                              0xb72d7 (size before relaxing)

.comment        0x00000000       0x43
 .comment       0x00000000       0x43 ./Core/Src/main.o
                                 0x44 (size before relaxing)
 .comment       0x00000043       0x44 ./Core/Src/stm32f4xx_hal_msp.o
 .comment       0x00000043       0x44 ./Core/Src/stm32f4xx_it.o
 .comment       0x00000043       0x44 ./Core/Src/system_stm32f4xx.o
 .comment       0x00000043       0x44 ./Drivers/STM32F4xx_HAL_Driver/stm32f4xx_hal.o
 .comment       0x00000043       0x44 ./Drivers/STM32F4xx_HAL_Driver/stm32f4xx_hal_cortex.o
 .comment       0x00000043       0x44 ./Drivers/STM32F4xx_HAL_Driver/stm32f4xx_hal_flash.o
 .comment       0x00000043       0x44 ./Drivers/STM32F4xx_HAL_Driver/stm32f4xx_hal_flash_ex.o
 .comment       0x00000043       0x44 ./Drivers/STM32F4xx_HAL_Driver/stm32f4xx_hal_gpio.o
 .comment       0x00000043       0x44 ./Drivers/STM32F4xx_HAL_Driver/stm32f4xx_hal_pcd.o
 .comment       0x00000043       0x44 ./Drivers/STM32F4xx_HAL_Driver/stm32f4xx_hal_pcd_ex.o
 .comment       0x00000043       0x44 ./Drivers/STM32F4xx_HAL_Driver/stm32f4xx_hal_rcc.o
 .comment       0x00000043       0x44 ./Drivers/STM32F4xx_HAL_Driver/stm32f4xx_ll_usb.o
 .comment       0x00000043       0x44 ./Middlewares/USB_Device_Library/usbd_core.o
 .comment       0x00000043       0x44 ./Middlewares/USB_Device_Library/usbd_ctlreq.o
 .comment       0x00000043       0x44 ./Middlewares/USB_Device_Library/usbd_dfu.o
 .comment       0x00000043       0x44 ./Middlewares/USB_Device_Library/usbd_ioreq.o
 .comment       0x00000043       0x44 ./USB_DEVICE/App/usb_device.o
 .comment       0x00000043       0x44 ./USB_DEVICE/App/usbd_desc.o
 .comment       0x00000043       0x44 ./USB_DEVICE/App/usbd_dfu_if.o
 .comment       0x00000043       0x44 ./USB_DEVICE/Target/usbd_conf.o

.debug_frame    0x00000000     0x3260
 .debug_frame   0x00000000       0x90 ./Core/Src/main.o
 .debug_frame   0x00000090       0x38 ./Core/Src/stm32f4xx_hal_msp.o
 .debug_frame   0x000000c8      0x120 ./Core/Src/stm32f4xx_it.o
 .debug_frame   0x000001e8       0x58 ./Core/Src/system_stm32f4xx.o
 .debug_frame   0x00000240      0x374 ./Drivers/STM32F4xx_HAL_Driver/stm32f4xx_hal.o
 .debug_frame   0x000005b4      0x508 ./Drivers/STM32F4xx_HAL_Driver/stm32f4xx_hal_cortex.o
 .debug_frame   0x00000abc      0x274 ./Drivers/STM32F4xx_HAL_Driver/stm32f4xx_hal_flash.o
 .debug_frame   0x00000d30      0x250 ./Drivers/STM32F4xx_HAL_Driver/stm32f4xx_hal_flash_ex.o
 .debug_frame   0x00000f80      0x14c ./Drivers/STM32F4xx_HAL_Driver/stm32f4xx_hal_gpio.o
 .debug_frame   0x000010cc      0x5b8 ./Drivers/STM32F4xx_HAL_Driver/stm32f4xx_hal_pcd.o
 .debug_frame   0x00001684       0xb0 ./Drivers/STM32F4xx_HAL_Driver/stm32f4xx_hal_pcd_ex.o
 .debug_frame   0x00001734      0x1f4 ./Drivers/STM32F4xx_HAL_Driver/stm32f4xx_hal_rcc.o
 .debug_frame   0x00001928      0x7c0 ./Drivers/STM32F4xx_HAL_Driver/stm32f4xx_ll_usb.o
 .debug_frame   0x000020e8      0x390 ./Middlewares/USB_Device_Library/usbd_core.o
 .debug_frame   0x00002478      0x23c ./Middlewares/USB_Device_Library/usbd_ctlreq.o
 .debug_frame   0x000026b4      0x2f8 ./Middlewares/USB_Device_Library/usbd_dfu.o
 .debug_frame   0x000029ac      0x10c ./Middlewares/USB_Device_Library/usbd_ioreq.o
 .debug_frame   0x00002ab8       0x2c ./USB_DEVICE/App/usb_device.o
 .debug_frame   0x00002ae4      0x160 ./USB_DEVICE/App/usbd_desc.o
 .debug_frame   0x00002c44       0xf4 ./USB_DEVICE/App/usbd_dfu_if.o
 .debug_frame   0x00002d38      0x47c ./USB_DEVICE/Target/usbd_conf.o
 .debug_frame   0x000031b4       0x20 C:/ST/STM32CubeIDE_1.16.1/STM32CubeIDE/plugins/com.st.stm32cube.ide.mcu.externaltools.gnu-tools-for-stm32.12.3.rel1.win32_1.0.200.202406191623/tools/bin/../lib/gcc/arm-none-eabi/12.3.1/../../../../arm-none-eabi/lib/thumb/v7e-m+fp/hard\libc_nano.a(libc_a-memset.o)
 .debug_frame   0x000031d4       0x2c C:/ST/STM32CubeIDE_1.16.1/STM32CubeIDE/plugins/com.st.stm32cube.ide.mcu.externaltools.gnu-tools-for-stm32.12.3.rel1.win32_1.0.200.202406191623/tools/bin/../lib/gcc/arm-none-eabi/12.3.1/../../../../arm-none-eabi/lib/thumb/v7e-m+fp/hard\libc_nano.a(libc_a-init.o)
 .debug_frame   0x00003200       0x2c C:/ST/STM32CubeIDE_1.16.1/STM32CubeIDE/plugins/com.st.stm32cube.ide.mcu.externaltools.gnu-tools-for-stm32.12.3.rel1.win32_1.0.200.202406191623/tools/bin/../lib/gcc/arm-none-eabi/12.3.1/thumb/v7e-m+fp/hard\libgcc.a(_aeabi_uldivmod.o)
 .debug_frame   0x0000322c       0x34 C:/ST/STM32CubeIDE_1.16.1/STM32CubeIDE/plugins/com.st.stm32cube.ide.mcu.externaltools.gnu-tools-for-stm32.12.3.rel1.win32_1.0.200.202406191623/tools/bin/../lib/gcc/arm-none-eabi/12.3.1/thumb/v7e-m+fp/hard\libgcc.a(_udivmoddi4.o)

.debug_line_str
                0x00000000       0x67
 .debug_line_str
                0x00000000       0x67 ./Core/Startup/startup_stm32f405rgtx.o
