C:/Users/dimas/STM32Cube/Repository/STM32Cube_FW_F4_V1.28.1/Middlewares/ST/STM32_USB_Device_Library/Class/DFU/Src/usbd_dfu.c:495:17:USBD_DFU_GetCfgDesc	0	static
C:/Users/dimas/STM32Cube/Repository/STM32Cube_FW_F4_V1.28.1/Middlewares/ST/STM32_USB_Device_Library/Class/DFU/Src/usbd_dfu.c:509:16:USBD_DFU_EP0_RxReady	0	static
C:/Users/dimas/STM32Cube/Repository/STM32Cube_FW_F4_V1.28.1/Middlewares/ST/STM32_USB_Device_Library/Class/DFU/Src/usbd_dfu.c:784:17:USBD_DFU_GetDeviceQualifierDesc	0	static
C:/Users/dimas/STM32Cube/Repository/STM32Cube_FW_F4_V1.28.1/Middlewares/ST/STM32_USB_Device_Library/Class/DFU/Src/usbd_dfu.c:801:17:USBD_DFU_GetUsrStringDesc	8	static
C:/Users/dimas/STM32Cube/Repository/STM32Cube_FW_F4_V1.28.1/Middlewares/ST/STM32_USB_Device_Library/Class/DFU/Src/usbd_dfu.c:1362:14:USBD_DFU_GetDfuFuncDesc	16	static
C:/Users/dimas/STM32Cube/Repository/STM32Cube_FW_F4_V1.28.1/Middlewares/ST/STM32_USB_Device_Library/Class/DFU/Src/usbd_dfu.c:522:17:USBD_DFU_EP0_TxReady	24	static,ignoring_inline_asm
C:/Users/dimas/STM32Cube/Repository/STM32Cube_FW_F4_V1.28.1/Middlewares/ST/STM32_USB_Device_Library/Class/DFU/Src/usbd_dfu.c:350:16:USBD_DFU_Setup	32	static
C:/Users/dimas/STM32Cube/Repository/STM32Cube_FW_F4_V1.28.1/Middlewares/ST/STM32_USB_Device_Library/Class/DFU/Src/usbd_dfu.c:316:16:USBD_DFU_DeInit	16	static
C:/Users/dimas/STM32Cube/Repository/STM32Cube_FW_F4_V1.28.1/Middlewares/ST/STM32_USB_Device_Library/Class/DFU/Src/usbd_dfu.c:267:16:USBD_DFU_Init	8	static
C:/Users/dimas/STM32Cube/Repository/STM32Cube_FW_F4_V1.28.1/Middlewares/ST/STM32_USB_Device_Library/Class/DFU/Src/usbd_dfu.c:770:16:USBD_DFU_SOF	0	static
C:/Users/dimas/STM32Cube/Repository/STM32Cube_FW_F4_V1.28.1/Middlewares/ST/STM32_USB_Device_Library/Class/DFU/Src/usbd_dfu.c:827:9:USBD_DFU_RegisterMedia	0	static
